com.excelliance.kxqp.platform.proxy.gameplugin.ActivityProxy$P00 -> com.z2lt7.iir3smvyjak.q8qjf6y.eiywe.bhngl$P00:
com.excelliance.kxqp.platform.proxy.gameplugin.ActivityProxy$P01 -> com.z2lt7.iir3smvyjak.q8qjf6y.eiywe.bhngl$P01:
com.excelliance.kxqp.platform.proxy.gameplugin.ActivityProxy$P02 -> com.z2lt7.iir3smvyjak.q8qjf6y.eiywe.bhngl$P02:
com.excelliance.kxqp.platform.proxy.gameplugin.ActivityProxy$P03 -> com.z2lt7.iir3smvyjak.q8qjf6y.eiywe.bhngl$P03:
com.excelliance.kxqp.platform.proxy.gameplugin.ActivityProxy$P04 -> com.z2lt7.iir3smvyjak.q8qjf6y.eiywe.bhngl$P04:
com.excelliance.kxqp.platform.proxy.gameplugin.ActivityProxy$P05 -> com.z2lt7.iir3smvyjak.q8qjf6y.eiywe.bhngl$P05:
com.excelliance.kxqp.platform.proxy.gameplugin.ActivityProxy$P06 -> com.z2lt7.iir3smvyjak.q8qjf6y.eiywe.bhngl$P06:
com.excelliance.kxqp.platform.proxy.gameplugin.ActivityProxy$P07 -> com.z2lt7.iir3smvyjak.q8qjf6y.eiywe.bhngl$P07:
com.excelliance.kxqp.platform.proxy.gameplugin.ActivityProxy$P08 -> com.z2lt7.iir3smvyjak.q8qjf6y.eiywe.bhngl$P08:
com.excelliance.kxqp.platform.proxy.gameplugin.ActivityProxy$P09 -> com.z2lt7.iir3smvyjak.q8qjf6y.eiywe.bhngl$P09:
com.excelliance.kxqp.platform.proxy.gameplugin.ActivityProxyL$P00 -> com.z2lt7.iir3smvyjak.q8qjf6y.eiywe.bhnglL$P00:
com.excelliance.kxqp.platform.proxy.gameplugin.ActivityProxyL$P01 -> com.z2lt7.iir3smvyjak.q8qjf6y.eiywe.bhnglL$P01:
com.excelliance.kxqp.platform.proxy.gameplugin.ActivityProxyL$P02 -> com.z2lt7.iir3smvyjak.q8qjf6y.eiywe.bhnglL$P02:
com.excelliance.kxqp.platform.proxy.gameplugin.ActivityProxyL$P03 -> com.z2lt7.iir3smvyjak.q8qjf6y.eiywe.bhnglL$P03:
com.excelliance.kxqp.platform.proxy.gameplugin.ActivityProxyL$P04 -> com.z2lt7.iir3smvyjak.q8qjf6y.eiywe.bhnglL$P04:
com.excelliance.kxqp.platform.proxy.gameplugin.ActivityProxyL$P05 -> com.z2lt7.iir3smvyjak.q8qjf6y.eiywe.bhnglL$P05:
com.excelliance.kxqp.platform.proxy.gameplugin.ActivityProxyL$P06 -> com.z2lt7.iir3smvyjak.q8qjf6y.eiywe.bhnglL$P06:
com.excelliance.kxqp.platform.proxy.gameplugin.ActivityProxyL$P07 -> com.z2lt7.iir3smvyjak.q8qjf6y.eiywe.bhnglL$P07:
com.excelliance.kxqp.platform.proxy.gameplugin.ActivityProxyL$P08 -> com.z2lt7.iir3smvyjak.q8qjf6y.eiywe.bhnglL$P08:
com.excelliance.kxqp.platform.proxy.gameplugin.ActivityProxyL$P09 -> com.z2lt7.iir3smvyjak.q8qjf6y.eiywe.bhnglL$P09:
com.excelliance.kxqp.platform.proxy.gameplugin.ActivityProxyM$P00 -> com.z2lt7.iir3smvyjak.q8qjf6y.eiywe.bhnglM$P00:
com.excelliance.kxqp.platform.proxy.gameplugin.ActivityProxyM$P01 -> com.z2lt7.iir3smvyjak.q8qjf6y.eiywe.bhnglM$P01:
com.excelliance.kxqp.platform.proxy.gameplugin.ActivityProxyM$P02 -> com.z2lt7.iir3smvyjak.q8qjf6y.eiywe.bhnglM$P02:
com.excelliance.kxqp.platform.proxy.gameplugin.ActivityProxyM$P03 -> com.z2lt7.iir3smvyjak.q8qjf6y.eiywe.bhnglM$P03:
com.excelliance.kxqp.platform.proxy.gameplugin.ActivityProxyM$P04 -> com.z2lt7.iir3smvyjak.q8qjf6y.eiywe.bhnglM$P04:
com.excelliance.kxqp.platform.proxy.gameplugin.ActivityProxyM$P05 -> com.z2lt7.iir3smvyjak.q8qjf6y.eiywe.bhnglM$P05:
com.excelliance.kxqp.platform.proxy.gameplugin.ActivityProxyM$P06 -> com.z2lt7.iir3smvyjak.q8qjf6y.eiywe.bhnglM$P06:
com.excelliance.kxqp.platform.proxy.gameplugin.ActivityProxyM$P07 -> com.z2lt7.iir3smvyjak.q8qjf6y.eiywe.bhnglM$P07:
com.excelliance.kxqp.platform.proxy.gameplugin.ActivityProxyM$P08 -> com.z2lt7.iir3smvyjak.q8qjf6y.eiywe.bhnglM$P08:
com.excelliance.kxqp.platform.proxy.gameplugin.ActivityProxyM$P09 -> com.z2lt7.iir3smvyjak.q8qjf6y.eiywe.bhnglM$P09:
com.excelliance.kxqp.platform.proxy.gameplugin.ActivityProxyT$P00 -> com.z2lt7.iir3smvyjak.q8qjf6y.eiywe.bhnglT$P00:
com.excelliance.kxqp.platform.proxy.gameplugin.ActivityProxyT$P01 -> com.z2lt7.iir3smvyjak.q8qjf6y.eiywe.bhnglT$P01:
com.excelliance.kxqp.platform.proxy.gameplugin.ActivityProxyT$P02 -> com.z2lt7.iir3smvyjak.q8qjf6y.eiywe.bhnglT$P02:
com.excelliance.kxqp.platform.proxy.gameplugin.ActivityProxyT$P03 -> com.z2lt7.iir3smvyjak.q8qjf6y.eiywe.bhnglT$P03:
com.excelliance.kxqp.platform.proxy.gameplugin.ActivityProxyT$P04 -> com.z2lt7.iir3smvyjak.q8qjf6y.eiywe.bhnglT$P04:
com.excelliance.kxqp.platform.proxy.gameplugin.ActivityProxyT$P05 -> com.z2lt7.iir3smvyjak.q8qjf6y.eiywe.bhnglT$P05:
com.excelliance.kxqp.platform.proxy.gameplugin.ActivityProxyT$P06 -> com.z2lt7.iir3smvyjak.q8qjf6y.eiywe.bhnglT$P06:
com.excelliance.kxqp.platform.proxy.gameplugin.ActivityProxyT$P07 -> com.z2lt7.iir3smvyjak.q8qjf6y.eiywe.bhnglT$P07:
com.excelliance.kxqp.platform.proxy.gameplugin.ActivityProxyT$P08 -> com.z2lt7.iir3smvyjak.q8qjf6y.eiywe.bhnglT$P08:
com.excelliance.kxqp.platform.proxy.gameplugin.ActivityProxyT$P09 -> com.z2lt7.iir3smvyjak.q8qjf6y.eiywe.bhnglT$P09:
com.excelliance.kxqp.platform.proxy.gameplugin.ActivityProxyLT$P00 -> com.z2lt7.iir3smvyjak.q8qjf6y.eiywe.bhnglLT$P00:
com.excelliance.kxqp.platform.proxy.gameplugin.ActivityProxyLT$P01 -> com.z2lt7.iir3smvyjak.q8qjf6y.eiywe.bhnglLT$P01:
com.excelliance.kxqp.platform.proxy.gameplugin.ActivityProxyLT$P02 -> com.z2lt7.iir3smvyjak.q8qjf6y.eiywe.bhnglLT$P02:
com.excelliance.kxqp.platform.proxy.gameplugin.ActivityProxyLT$P03 -> com.z2lt7.iir3smvyjak.q8qjf6y.eiywe.bhnglLT$P03:
com.excelliance.kxqp.platform.proxy.gameplugin.ActivityProxyLT$P04 -> com.z2lt7.iir3smvyjak.q8qjf6y.eiywe.bhnglLT$P04:
com.excelliance.kxqp.platform.proxy.gameplugin.ActivityProxyLT$P05 -> com.z2lt7.iir3smvyjak.q8qjf6y.eiywe.bhnglLT$P05:
com.excelliance.kxqp.platform.proxy.gameplugin.ActivityProxyLT$P06 -> com.z2lt7.iir3smvyjak.q8qjf6y.eiywe.bhnglLT$P06:
com.excelliance.kxqp.platform.proxy.gameplugin.ActivityProxyLT$P07 -> com.z2lt7.iir3smvyjak.q8qjf6y.eiywe.bhnglLT$P07:
com.excelliance.kxqp.platform.proxy.gameplugin.ActivityProxyLT$P08 -> com.z2lt7.iir3smvyjak.q8qjf6y.eiywe.bhnglLT$P08:
com.excelliance.kxqp.platform.proxy.gameplugin.ActivityProxyLT$P09 -> com.z2lt7.iir3smvyjak.q8qjf6y.eiywe.bhnglLT$P09:
com.excelliance.kxqp.platform.proxy.gameplugin.ActivityProxyL -> com.z2lt7.iir3smvyjak.q8qjf6y.eiywe.bhnglL:
com.excelliance.kxqp.platform.proxy.gameplugin.ActivityProxyM -> com.z2lt7.iir3smvyjak.q8qjf6y.eiywe.bhnglM:
com.excelliance.kxqp.platform.proxy.gameplugin.ActivityProxyT -> com.z2lt7.iir3smvyjak.q8qjf6y.eiywe.bhnglT:
com.excelliance.kxqp.platform.proxy.gameplugin.ActivityProxy -> com.z2lt7.iir3smvyjak.q8qjf6y.eiywe.bhngl:
com.excelliance.kxqp.platform.proxy.gameplugin.ActivityProxyLT -> com.z2lt7.iir3smvyjak.q8qjf6y.eiywe.bhnglLT:
com.excelliance.kxqp.platform.proxy.gameplugin1.ActivityProxy$P00 -> com.z2lt7.iir3smvyjak.q8qjf6y.eiywe1.bhngl$P00:
com.excelliance.kxqp.platform.proxy.gameplugin1.ActivityProxy$P01 -> com.z2lt7.iir3smvyjak.q8qjf6y.eiywe1.bhngl$P01:
com.excelliance.kxqp.platform.proxy.gameplugin1.ActivityProxy$P02 -> com.z2lt7.iir3smvyjak.q8qjf6y.eiywe1.bhngl$P02:
com.excelliance.kxqp.platform.proxy.gameplugin1.ActivityProxy$P03 -> com.z2lt7.iir3smvyjak.q8qjf6y.eiywe1.bhngl$P03:
com.excelliance.kxqp.platform.proxy.gameplugin1.ActivityProxy$P04 -> com.z2lt7.iir3smvyjak.q8qjf6y.eiywe1.bhngl$P04:
com.excelliance.kxqp.platform.proxy.gameplugin1.ActivityProxy$P05 -> com.z2lt7.iir3smvyjak.q8qjf6y.eiywe1.bhngl$P05:
com.excelliance.kxqp.platform.proxy.gameplugin1.ActivityProxy$P06 -> com.z2lt7.iir3smvyjak.q8qjf6y.eiywe1.bhngl$P06:
com.excelliance.kxqp.platform.proxy.gameplugin1.ActivityProxy$P07 -> com.z2lt7.iir3smvyjak.q8qjf6y.eiywe1.bhngl$P07:
com.excelliance.kxqp.platform.proxy.gameplugin1.ActivityProxy$P08 -> com.z2lt7.iir3smvyjak.q8qjf6y.eiywe1.bhngl$P08:
com.excelliance.kxqp.platform.proxy.gameplugin1.ActivityProxy$P09 -> com.z2lt7.iir3smvyjak.q8qjf6y.eiywe1.bhngl$P09:
com.excelliance.kxqp.platform.proxy.gameplugin1.ActivityProxyL$P00 -> com.z2lt7.iir3smvyjak.q8qjf6y.eiywe1.bhnglL$P00:
com.excelliance.kxqp.platform.proxy.gameplugin1.ActivityProxyL$P01 -> com.z2lt7.iir3smvyjak.q8qjf6y.eiywe1.bhnglL$P01:
com.excelliance.kxqp.platform.proxy.gameplugin1.ActivityProxyL$P02 -> com.z2lt7.iir3smvyjak.q8qjf6y.eiywe1.bhnglL$P02:
com.excelliance.kxqp.platform.proxy.gameplugin1.ActivityProxyL$P03 -> com.z2lt7.iir3smvyjak.q8qjf6y.eiywe1.bhnglL$P03:
com.excelliance.kxqp.platform.proxy.gameplugin1.ActivityProxyL$P04 -> com.z2lt7.iir3smvyjak.q8qjf6y.eiywe1.bhnglL$P04:
com.excelliance.kxqp.platform.proxy.gameplugin1.ActivityProxyL$P05 -> com.z2lt7.iir3smvyjak.q8qjf6y.eiywe1.bhnglL$P05:
com.excelliance.kxqp.platform.proxy.gameplugin1.ActivityProxyL$P06 -> com.z2lt7.iir3smvyjak.q8qjf6y.eiywe1.bhnglL$P06:
com.excelliance.kxqp.platform.proxy.gameplugin1.ActivityProxyL$P07 -> com.z2lt7.iir3smvyjak.q8qjf6y.eiywe1.bhnglL$P07:
com.excelliance.kxqp.platform.proxy.gameplugin1.ActivityProxyL$P08 -> com.z2lt7.iir3smvyjak.q8qjf6y.eiywe1.bhnglL$P08:
com.excelliance.kxqp.platform.proxy.gameplugin1.ActivityProxyL$P09 -> com.z2lt7.iir3smvyjak.q8qjf6y.eiywe1.bhnglL$P09:
com.excelliance.kxqp.platform.proxy.gameplugin1.ActivityProxyT$P00 -> com.z2lt7.iir3smvyjak.q8qjf6y.eiywe1.bhnglT$P00:
com.excelliance.kxqp.platform.proxy.gameplugin1.ActivityProxyT$P01 -> com.z2lt7.iir3smvyjak.q8qjf6y.eiywe1.bhnglT$P01:
com.excelliance.kxqp.platform.proxy.gameplugin1.ActivityProxyT$P02 -> com.z2lt7.iir3smvyjak.q8qjf6y.eiywe1.bhnglT$P02:
com.excelliance.kxqp.platform.proxy.gameplugin1.ActivityProxyT$P03 -> com.z2lt7.iir3smvyjak.q8qjf6y.eiywe1.bhnglT$P03:
com.excelliance.kxqp.platform.proxy.gameplugin1.ActivityProxyT$P04 -> com.z2lt7.iir3smvyjak.q8qjf6y.eiywe1.bhnglT$P04:
com.excelliance.kxqp.platform.proxy.gameplugin1.ActivityProxyT$P05 -> com.z2lt7.iir3smvyjak.q8qjf6y.eiywe1.bhnglT$P05:
com.excelliance.kxqp.platform.proxy.gameplugin1.ActivityProxyT$P06 -> com.z2lt7.iir3smvyjak.q8qjf6y.eiywe1.bhnglT$P06:
com.excelliance.kxqp.platform.proxy.gameplugin1.ActivityProxyT$P07 -> com.z2lt7.iir3smvyjak.q8qjf6y.eiywe1.bhnglT$P07:
com.excelliance.kxqp.platform.proxy.gameplugin1.ActivityProxyT$P08 -> com.z2lt7.iir3smvyjak.q8qjf6y.eiywe1.bhnglT$P08:
com.excelliance.kxqp.platform.proxy.gameplugin1.ActivityProxyT$P09 -> com.z2lt7.iir3smvyjak.q8qjf6y.eiywe1.bhnglT$P09:
com.excelliance.kxqp.platform.proxy.gameplugin1.ActivityProxyLT$P00 -> com.z2lt7.iir3smvyjak.q8qjf6y.eiywe1.bhnglLT$P00:
com.excelliance.kxqp.platform.proxy.gameplugin1.ActivityProxyLT$P01 -> com.z2lt7.iir3smvyjak.q8qjf6y.eiywe1.bhnglLT$P01:
com.excelliance.kxqp.platform.proxy.gameplugin1.ActivityProxyLT$P02 -> com.z2lt7.iir3smvyjak.q8qjf6y.eiywe1.bhnglLT$P02:
com.excelliance.kxqp.platform.proxy.gameplugin1.ActivityProxyLT$P03 -> com.z2lt7.iir3smvyjak.q8qjf6y.eiywe1.bhnglLT$P03:
com.excelliance.kxqp.platform.proxy.gameplugin1.ActivityProxyLT$P04 -> com.z2lt7.iir3smvyjak.q8qjf6y.eiywe1.bhnglLT$P04:
com.excelliance.kxqp.platform.proxy.gameplugin1.ActivityProxyLT$P05 -> com.z2lt7.iir3smvyjak.q8qjf6y.eiywe1.bhnglLT$P05:
com.excelliance.kxqp.platform.proxy.gameplugin1.ActivityProxyLT$P06 -> com.z2lt7.iir3smvyjak.q8qjf6y.eiywe1.bhnglLT$P06:
com.excelliance.kxqp.platform.proxy.gameplugin1.ActivityProxyLT$P07 -> com.z2lt7.iir3smvyjak.q8qjf6y.eiywe1.bhnglLT$P07:
com.excelliance.kxqp.platform.proxy.gameplugin1.ActivityProxyLT$P08 -> com.z2lt7.iir3smvyjak.q8qjf6y.eiywe1.bhnglLT$P08:
com.excelliance.kxqp.platform.proxy.gameplugin1.ActivityProxyLT$P09 -> com.z2lt7.iir3smvyjak.q8qjf6y.eiywe1.bhnglLT$P09:
com.excelliance.kxqp.platform.proxy.gameplugin1.ActivityProxyT -> com.z2lt7.iir3smvyjak.q8qjf6y.eiywe1.bhnglT:
com.excelliance.kxqp.platform.proxy.gameplugin1.ActivityProxyL -> com.z2lt7.iir3smvyjak.q8qjf6y.eiywe1.bhnglL:
com.excelliance.kxqp.platform.proxy.gameplugin1.ActivityProxy -> com.z2lt7.iir3smvyjak.q8qjf6y.eiywe1.bhngl:
com.excelliance.kxqp.platform.proxy.gameplugin1.ActivityProxyLT -> com.z2lt7.iir3smvyjak.q8qjf6y.eiywe1.bhnglLT:
com.excelliance.kxqp.platform.proxy.gameplugin2.ActivityProxy$P00 -> com.z2lt7.iir3smvyjak.q8qjf6y.eiywe2.bhngl$P00:
com.excelliance.kxqp.platform.proxy.gameplugin2.ActivityProxy$P01 -> com.z2lt7.iir3smvyjak.q8qjf6y.eiywe2.bhngl$P01:
com.excelliance.kxqp.platform.proxy.gameplugin2.ActivityProxy$P02 -> com.z2lt7.iir3smvyjak.q8qjf6y.eiywe2.bhngl$P02:
com.excelliance.kxqp.platform.proxy.gameplugin2.ActivityProxy$P03 -> com.z2lt7.iir3smvyjak.q8qjf6y.eiywe2.bhngl$P03:
com.excelliance.kxqp.platform.proxy.gameplugin2.ActivityProxy$P04 -> com.z2lt7.iir3smvyjak.q8qjf6y.eiywe2.bhngl$P04:
com.excelliance.kxqp.platform.proxy.gameplugin2.ActivityProxy$P05 -> com.z2lt7.iir3smvyjak.q8qjf6y.eiywe2.bhngl$P05:
com.excelliance.kxqp.platform.proxy.gameplugin2.ActivityProxy$P06 -> com.z2lt7.iir3smvyjak.q8qjf6y.eiywe2.bhngl$P06:
com.excelliance.kxqp.platform.proxy.gameplugin2.ActivityProxy$P07 -> com.z2lt7.iir3smvyjak.q8qjf6y.eiywe2.bhngl$P07:
com.excelliance.kxqp.platform.proxy.gameplugin2.ActivityProxy$P08 -> com.z2lt7.iir3smvyjak.q8qjf6y.eiywe2.bhngl$P08:
com.excelliance.kxqp.platform.proxy.gameplugin2.ActivityProxy$P09 -> com.z2lt7.iir3smvyjak.q8qjf6y.eiywe2.bhngl$P09:
com.excelliance.kxqp.platform.proxy.gameplugin2.ActivityProxyL$P00 -> com.z2lt7.iir3smvyjak.q8qjf6y.eiywe2.bhnglL$P00:
com.excelliance.kxqp.platform.proxy.gameplugin2.ActivityProxyL$P01 -> com.z2lt7.iir3smvyjak.q8qjf6y.eiywe2.bhnglL$P01:
com.excelliance.kxqp.platform.proxy.gameplugin2.ActivityProxyL$P02 -> com.z2lt7.iir3smvyjak.q8qjf6y.eiywe2.bhnglL$P02:
com.excelliance.kxqp.platform.proxy.gameplugin2.ActivityProxyL$P03 -> com.z2lt7.iir3smvyjak.q8qjf6y.eiywe2.bhnglL$P03:
com.excelliance.kxqp.platform.proxy.gameplugin2.ActivityProxyL$P04 -> com.z2lt7.iir3smvyjak.q8qjf6y.eiywe2.bhnglL$P04:
com.excelliance.kxqp.platform.proxy.gameplugin2.ActivityProxyL$P05 -> com.z2lt7.iir3smvyjak.q8qjf6y.eiywe2.bhnglL$P05:
com.excelliance.kxqp.platform.proxy.gameplugin2.ActivityProxyL$P06 -> com.z2lt7.iir3smvyjak.q8qjf6y.eiywe2.bhnglL$P06:
com.excelliance.kxqp.platform.proxy.gameplugin2.ActivityProxyL$P07 -> com.z2lt7.iir3smvyjak.q8qjf6y.eiywe2.bhnglL$P07:
com.excelliance.kxqp.platform.proxy.gameplugin2.ActivityProxyL$P08 -> com.z2lt7.iir3smvyjak.q8qjf6y.eiywe2.bhnglL$P08:
com.excelliance.kxqp.platform.proxy.gameplugin2.ActivityProxyL$P09 -> com.z2lt7.iir3smvyjak.q8qjf6y.eiywe2.bhnglL$P09:
com.excelliance.kxqp.platform.proxy.gameplugin2.ActivityProxyT$P00 -> com.z2lt7.iir3smvyjak.q8qjf6y.eiywe2.bhnglT$P00:
com.excelliance.kxqp.platform.proxy.gameplugin2.ActivityProxyT$P01 -> com.z2lt7.iir3smvyjak.q8qjf6y.eiywe2.bhnglT$P01:
com.excelliance.kxqp.platform.proxy.gameplugin2.ActivityProxyT$P02 -> com.z2lt7.iir3smvyjak.q8qjf6y.eiywe2.bhnglT$P02:
com.excelliance.kxqp.platform.proxy.gameplugin2.ActivityProxyT$P03 -> com.z2lt7.iir3smvyjak.q8qjf6y.eiywe2.bhnglT$P03:
com.excelliance.kxqp.platform.proxy.gameplugin2.ActivityProxyT$P04 -> com.z2lt7.iir3smvyjak.q8qjf6y.eiywe2.bhnglT$P04:
com.excelliance.kxqp.platform.proxy.gameplugin2.ActivityProxyT$P05 -> com.z2lt7.iir3smvyjak.q8qjf6y.eiywe2.bhnglT$P05:
com.excelliance.kxqp.platform.proxy.gameplugin2.ActivityProxyT$P06 -> com.z2lt7.iir3smvyjak.q8qjf6y.eiywe2.bhnglT$P06:
com.excelliance.kxqp.platform.proxy.gameplugin2.ActivityProxyT$P07 -> com.z2lt7.iir3smvyjak.q8qjf6y.eiywe2.bhnglT$P07:
com.excelliance.kxqp.platform.proxy.gameplugin2.ActivityProxyT$P08 -> com.z2lt7.iir3smvyjak.q8qjf6y.eiywe2.bhnglT$P08:
com.excelliance.kxqp.platform.proxy.gameplugin2.ActivityProxyT$P09 -> com.z2lt7.iir3smvyjak.q8qjf6y.eiywe2.bhnglT$P09:
com.excelliance.kxqp.platform.proxy.gameplugin2.ActivityProxyLT$P00 -> com.z2lt7.iir3smvyjak.q8qjf6y.eiywe2.bhnglLT$P00:
com.excelliance.kxqp.platform.proxy.gameplugin2.ActivityProxyLT$P01 -> com.z2lt7.iir3smvyjak.q8qjf6y.eiywe2.bhnglLT$P01:
com.excelliance.kxqp.platform.proxy.gameplugin2.ActivityProxyLT$P02 -> com.z2lt7.iir3smvyjak.q8qjf6y.eiywe2.bhnglLT$P02:
com.excelliance.kxqp.platform.proxy.gameplugin2.ActivityProxyLT$P03 -> com.z2lt7.iir3smvyjak.q8qjf6y.eiywe2.bhnglLT$P03:
com.excelliance.kxqp.platform.proxy.gameplugin2.ActivityProxyLT$P04 -> com.z2lt7.iir3smvyjak.q8qjf6y.eiywe2.bhnglLT$P04:
com.excelliance.kxqp.platform.proxy.gameplugin2.ActivityProxyLT$P05 -> com.z2lt7.iir3smvyjak.q8qjf6y.eiywe2.bhnglLT$P05:
com.excelliance.kxqp.platform.proxy.gameplugin2.ActivityProxyLT$P06 -> com.z2lt7.iir3smvyjak.q8qjf6y.eiywe2.bhnglLT$P06:
com.excelliance.kxqp.platform.proxy.gameplugin2.ActivityProxyLT$P07 -> com.z2lt7.iir3smvyjak.q8qjf6y.eiywe2.bhnglLT$P07:
com.excelliance.kxqp.platform.proxy.gameplugin2.ActivityProxyLT$P08 -> com.z2lt7.iir3smvyjak.q8qjf6y.eiywe2.bhnglLT$P08:
com.excelliance.kxqp.platform.proxy.gameplugin2.ActivityProxyLT$P09 -> com.z2lt7.iir3smvyjak.q8qjf6y.eiywe2.bhnglLT$P09:
com.excelliance.kxqp.platform.proxy.gameplugin2.ActivityProxyLT -> com.z2lt7.iir3smvyjak.q8qjf6y.eiywe2.bhnglLT:
com.excelliance.kxqp.platform.proxy.gameplugin2.ActivityProxy -> com.z2lt7.iir3smvyjak.q8qjf6y.eiywe2.bhngl:
com.excelliance.kxqp.platform.proxy.gameplugin2.ActivityProxyT -> com.z2lt7.iir3smvyjak.q8qjf6y.eiywe2.bhnglT:
com.excelliance.kxqp.platform.proxy.gameplugin2.ActivityProxyL -> com.z2lt7.iir3smvyjak.q8qjf6y.eiywe2.bhnglL:
com.excelliance.kxqp.platform.proxy.gameplugin3.ActivityProxy$P00 -> com.z2lt7.iir3smvyjak.q8qjf6y.eiywe3.bhngl$P00:
com.excelliance.kxqp.platform.proxy.gameplugin3.ActivityProxy$P01 -> com.z2lt7.iir3smvyjak.q8qjf6y.eiywe3.bhngl$P01:
com.excelliance.kxqp.platform.proxy.gameplugin3.ActivityProxy$P02 -> com.z2lt7.iir3smvyjak.q8qjf6y.eiywe3.bhngl$P02:
com.excelliance.kxqp.platform.proxy.gameplugin3.ActivityProxy$P03 -> com.z2lt7.iir3smvyjak.q8qjf6y.eiywe3.bhngl$P03:
com.excelliance.kxqp.platform.proxy.gameplugin3.ActivityProxy$P04 -> com.z2lt7.iir3smvyjak.q8qjf6y.eiywe3.bhngl$P04:
com.excelliance.kxqp.platform.proxy.gameplugin3.ActivityProxy$P05 -> com.z2lt7.iir3smvyjak.q8qjf6y.eiywe3.bhngl$P05:
com.excelliance.kxqp.platform.proxy.gameplugin3.ActivityProxy$P06 -> com.z2lt7.iir3smvyjak.q8qjf6y.eiywe3.bhngl$P06:
com.excelliance.kxqp.platform.proxy.gameplugin3.ActivityProxy$P07 -> com.z2lt7.iir3smvyjak.q8qjf6y.eiywe3.bhngl$P07:
com.excelliance.kxqp.platform.proxy.gameplugin3.ActivityProxy$P08 -> com.z2lt7.iir3smvyjak.q8qjf6y.eiywe3.bhngl$P08:
com.excelliance.kxqp.platform.proxy.gameplugin3.ActivityProxy$P09 -> com.z2lt7.iir3smvyjak.q8qjf6y.eiywe3.bhngl$P09:
com.excelliance.kxqp.platform.proxy.gameplugin3.ActivityProxyL$P00 -> com.z2lt7.iir3smvyjak.q8qjf6y.eiywe3.bhnglL$P00:
com.excelliance.kxqp.platform.proxy.gameplugin3.ActivityProxyL$P01 -> com.z2lt7.iir3smvyjak.q8qjf6y.eiywe3.bhnglL$P01:
com.excelliance.kxqp.platform.proxy.gameplugin3.ActivityProxyL$P02 -> com.z2lt7.iir3smvyjak.q8qjf6y.eiywe3.bhnglL$P02:
com.excelliance.kxqp.platform.proxy.gameplugin3.ActivityProxyL$P03 -> com.z2lt7.iir3smvyjak.q8qjf6y.eiywe3.bhnglL$P03:
com.excelliance.kxqp.platform.proxy.gameplugin3.ActivityProxyL$P04 -> com.z2lt7.iir3smvyjak.q8qjf6y.eiywe3.bhnglL$P04:
com.excelliance.kxqp.platform.proxy.gameplugin3.ActivityProxyL$P05 -> com.z2lt7.iir3smvyjak.q8qjf6y.eiywe3.bhnglL$P05:
com.excelliance.kxqp.platform.proxy.gameplugin3.ActivityProxyL$P06 -> com.z2lt7.iir3smvyjak.q8qjf6y.eiywe3.bhnglL$P06:
com.excelliance.kxqp.platform.proxy.gameplugin3.ActivityProxyL$P07 -> com.z2lt7.iir3smvyjak.q8qjf6y.eiywe3.bhnglL$P07:
com.excelliance.kxqp.platform.proxy.gameplugin3.ActivityProxyL$P08 -> com.z2lt7.iir3smvyjak.q8qjf6y.eiywe3.bhnglL$P08:
com.excelliance.kxqp.platform.proxy.gameplugin3.ActivityProxyL$P09 -> com.z2lt7.iir3smvyjak.q8qjf6y.eiywe3.bhnglL$P09:
com.excelliance.kxqp.platform.proxy.gameplugin3.ActivityProxyT$P00 -> com.z2lt7.iir3smvyjak.q8qjf6y.eiywe3.bhnglT$P00:
com.excelliance.kxqp.platform.proxy.gameplugin3.ActivityProxyT$P01 -> com.z2lt7.iir3smvyjak.q8qjf6y.eiywe3.bhnglT$P01:
com.excelliance.kxqp.platform.proxy.gameplugin3.ActivityProxyT$P02 -> com.z2lt7.iir3smvyjak.q8qjf6y.eiywe3.bhnglT$P02:
com.excelliance.kxqp.platform.proxy.gameplugin3.ActivityProxyT$P03 -> com.z2lt7.iir3smvyjak.q8qjf6y.eiywe3.bhnglT$P03:
com.excelliance.kxqp.platform.proxy.gameplugin3.ActivityProxyT$P04 -> com.z2lt7.iir3smvyjak.q8qjf6y.eiywe3.bhnglT$P04:
com.excelliance.kxqp.platform.proxy.gameplugin3.ActivityProxyT$P05 -> com.z2lt7.iir3smvyjak.q8qjf6y.eiywe3.bhnglT$P05:
com.excelliance.kxqp.platform.proxy.gameplugin3.ActivityProxyT$P06 -> com.z2lt7.iir3smvyjak.q8qjf6y.eiywe3.bhnglT$P06:
com.excelliance.kxqp.platform.proxy.gameplugin3.ActivityProxyT$P07 -> com.z2lt7.iir3smvyjak.q8qjf6y.eiywe3.bhnglT$P07:
com.excelliance.kxqp.platform.proxy.gameplugin3.ActivityProxyT$P08 -> com.z2lt7.iir3smvyjak.q8qjf6y.eiywe3.bhnglT$P08:
com.excelliance.kxqp.platform.proxy.gameplugin3.ActivityProxyT$P09 -> com.z2lt7.iir3smvyjak.q8qjf6y.eiywe3.bhnglT$P09:
com.excelliance.kxqp.platform.proxy.gameplugin3.ActivityProxyLT$P00 -> com.z2lt7.iir3smvyjak.q8qjf6y.eiywe3.bhnglLT$P00:
com.excelliance.kxqp.platform.proxy.gameplugin3.ActivityProxyLT$P01 -> com.z2lt7.iir3smvyjak.q8qjf6y.eiywe3.bhnglLT$P01:
com.excelliance.kxqp.platform.proxy.gameplugin3.ActivityProxyLT$P02 -> com.z2lt7.iir3smvyjak.q8qjf6y.eiywe3.bhnglLT$P02:
com.excelliance.kxqp.platform.proxy.gameplugin3.ActivityProxyLT$P03 -> com.z2lt7.iir3smvyjak.q8qjf6y.eiywe3.bhnglLT$P03:
com.excelliance.kxqp.platform.proxy.gameplugin3.ActivityProxyLT$P04 -> com.z2lt7.iir3smvyjak.q8qjf6y.eiywe3.bhnglLT$P04:
com.excelliance.kxqp.platform.proxy.gameplugin3.ActivityProxyLT$P05 -> com.z2lt7.iir3smvyjak.q8qjf6y.eiywe3.bhnglLT$P05:
com.excelliance.kxqp.platform.proxy.gameplugin3.ActivityProxyLT$P06 -> com.z2lt7.iir3smvyjak.q8qjf6y.eiywe3.bhnglLT$P06:
com.excelliance.kxqp.platform.proxy.gameplugin3.ActivityProxyLT$P07 -> com.z2lt7.iir3smvyjak.q8qjf6y.eiywe3.bhnglLT$P07:
com.excelliance.kxqp.platform.proxy.gameplugin3.ActivityProxyLT$P08 -> com.z2lt7.iir3smvyjak.q8qjf6y.eiywe3.bhnglLT$P08:
com.excelliance.kxqp.platform.proxy.gameplugin3.ActivityProxyLT$P09 -> com.z2lt7.iir3smvyjak.q8qjf6y.eiywe3.bhnglLT$P09:
com.excelliance.kxqp.platform.proxy.gameplugin3.ActivityProxyT -> com.z2lt7.iir3smvyjak.q8qjf6y.eiywe3.bhnglT:
com.excelliance.kxqp.platform.proxy.gameplugin3.ActivityProxyL -> com.z2lt7.iir3smvyjak.q8qjf6y.eiywe3.bhnglL:
com.excelliance.kxqp.platform.proxy.gameplugin3.ActivityProxyLT -> com.z2lt7.iir3smvyjak.q8qjf6y.eiywe3.bhnglLT:
com.excelliance.kxqp.platform.proxy.gameplugin3.ActivityProxy -> com.z2lt7.iir3smvyjak.q8qjf6y.eiywe3.bhngl:
com.excelliance.kxqp.platform.proxy.gameplugin4.ActivityProxy$P00 -> com.z2lt7.iir3smvyjak.q8qjf6y.eiywe4.bhngl$P00:
com.excelliance.kxqp.platform.proxy.gameplugin4.ActivityProxy$P01 -> com.z2lt7.iir3smvyjak.q8qjf6y.eiywe4.bhngl$P01:
com.excelliance.kxqp.platform.proxy.gameplugin4.ActivityProxy$P02 -> com.z2lt7.iir3smvyjak.q8qjf6y.eiywe4.bhngl$P02:
com.excelliance.kxqp.platform.proxy.gameplugin4.ActivityProxy$P03 -> com.z2lt7.iir3smvyjak.q8qjf6y.eiywe4.bhngl$P03:
com.excelliance.kxqp.platform.proxy.gameplugin4.ActivityProxy$P04 -> com.z2lt7.iir3smvyjak.q8qjf6y.eiywe4.bhngl$P04:
com.excelliance.kxqp.platform.proxy.gameplugin4.ActivityProxy$P05 -> com.z2lt7.iir3smvyjak.q8qjf6y.eiywe4.bhngl$P05:
com.excelliance.kxqp.platform.proxy.gameplugin4.ActivityProxy$P06 -> com.z2lt7.iir3smvyjak.q8qjf6y.eiywe4.bhngl$P06:
com.excelliance.kxqp.platform.proxy.gameplugin4.ActivityProxy$P07 -> com.z2lt7.iir3smvyjak.q8qjf6y.eiywe4.bhngl$P07:
com.excelliance.kxqp.platform.proxy.gameplugin4.ActivityProxy$P08 -> com.z2lt7.iir3smvyjak.q8qjf6y.eiywe4.bhngl$P08:
com.excelliance.kxqp.platform.proxy.gameplugin4.ActivityProxy$P09 -> com.z2lt7.iir3smvyjak.q8qjf6y.eiywe4.bhngl$P09:
com.excelliance.kxqp.platform.proxy.gameplugin4.ActivityProxyL$P00 -> com.z2lt7.iir3smvyjak.q8qjf6y.eiywe4.bhnglL$P00:
com.excelliance.kxqp.platform.proxy.gameplugin4.ActivityProxyL$P01 -> com.z2lt7.iir3smvyjak.q8qjf6y.eiywe4.bhnglL$P01:
com.excelliance.kxqp.platform.proxy.gameplugin4.ActivityProxyL$P02 -> com.z2lt7.iir3smvyjak.q8qjf6y.eiywe4.bhnglL$P02:
com.excelliance.kxqp.platform.proxy.gameplugin4.ActivityProxyL$P03 -> com.z2lt7.iir3smvyjak.q8qjf6y.eiywe4.bhnglL$P03:
com.excelliance.kxqp.platform.proxy.gameplugin4.ActivityProxyL$P04 -> com.z2lt7.iir3smvyjak.q8qjf6y.eiywe4.bhnglL$P04:
com.excelliance.kxqp.platform.proxy.gameplugin4.ActivityProxyL$P05 -> com.z2lt7.iir3smvyjak.q8qjf6y.eiywe4.bhnglL$P05:
com.excelliance.kxqp.platform.proxy.gameplugin4.ActivityProxyL$P06 -> com.z2lt7.iir3smvyjak.q8qjf6y.eiywe4.bhnglL$P06:
com.excelliance.kxqp.platform.proxy.gameplugin4.ActivityProxyL$P07 -> com.z2lt7.iir3smvyjak.q8qjf6y.eiywe4.bhnglL$P07:
com.excelliance.kxqp.platform.proxy.gameplugin4.ActivityProxyL$P08 -> com.z2lt7.iir3smvyjak.q8qjf6y.eiywe4.bhnglL$P08:
com.excelliance.kxqp.platform.proxy.gameplugin4.ActivityProxyL$P09 -> com.z2lt7.iir3smvyjak.q8qjf6y.eiywe4.bhnglL$P09:
com.excelliance.kxqp.platform.proxy.gameplugin4.ActivityProxyT$P00 -> com.z2lt7.iir3smvyjak.q8qjf6y.eiywe4.bhnglT$P00:
com.excelliance.kxqp.platform.proxy.gameplugin4.ActivityProxyT$P01 -> com.z2lt7.iir3smvyjak.q8qjf6y.eiywe4.bhnglT$P01:
com.excelliance.kxqp.platform.proxy.gameplugin4.ActivityProxyT$P02 -> com.z2lt7.iir3smvyjak.q8qjf6y.eiywe4.bhnglT$P02:
com.excelliance.kxqp.platform.proxy.gameplugin4.ActivityProxyT$P03 -> com.z2lt7.iir3smvyjak.q8qjf6y.eiywe4.bhnglT$P03:
com.excelliance.kxqp.platform.proxy.gameplugin4.ActivityProxyT$P04 -> com.z2lt7.iir3smvyjak.q8qjf6y.eiywe4.bhnglT$P04:
com.excelliance.kxqp.platform.proxy.gameplugin4.ActivityProxyT$P05 -> com.z2lt7.iir3smvyjak.q8qjf6y.eiywe4.bhnglT$P05:
com.excelliance.kxqp.platform.proxy.gameplugin4.ActivityProxyT$P06 -> com.z2lt7.iir3smvyjak.q8qjf6y.eiywe4.bhnglT$P06:
com.excelliance.kxqp.platform.proxy.gameplugin4.ActivityProxyT$P07 -> com.z2lt7.iir3smvyjak.q8qjf6y.eiywe4.bhnglT$P07:
com.excelliance.kxqp.platform.proxy.gameplugin4.ActivityProxyT$P08 -> com.z2lt7.iir3smvyjak.q8qjf6y.eiywe4.bhnglT$P08:
com.excelliance.kxqp.platform.proxy.gameplugin4.ActivityProxyT$P09 -> com.z2lt7.iir3smvyjak.q8qjf6y.eiywe4.bhnglT$P09:
com.excelliance.kxqp.platform.proxy.gameplugin4.ActivityProxyLT$P00 -> com.z2lt7.iir3smvyjak.q8qjf6y.eiywe4.bhnglLT$P00:
com.excelliance.kxqp.platform.proxy.gameplugin4.ActivityProxyLT$P01 -> com.z2lt7.iir3smvyjak.q8qjf6y.eiywe4.bhnglLT$P01:
com.excelliance.kxqp.platform.proxy.gameplugin4.ActivityProxyLT$P02 -> com.z2lt7.iir3smvyjak.q8qjf6y.eiywe4.bhnglLT$P02:
com.excelliance.kxqp.platform.proxy.gameplugin4.ActivityProxyLT$P03 -> com.z2lt7.iir3smvyjak.q8qjf6y.eiywe4.bhnglLT$P03:
com.excelliance.kxqp.platform.proxy.gameplugin4.ActivityProxyLT$P04 -> com.z2lt7.iir3smvyjak.q8qjf6y.eiywe4.bhnglLT$P04:
com.excelliance.kxqp.platform.proxy.gameplugin4.ActivityProxyLT$P05 -> com.z2lt7.iir3smvyjak.q8qjf6y.eiywe4.bhnglLT$P05:
com.excelliance.kxqp.platform.proxy.gameplugin4.ActivityProxyLT$P06 -> com.z2lt7.iir3smvyjak.q8qjf6y.eiywe4.bhnglLT$P06:
com.excelliance.kxqp.platform.proxy.gameplugin4.ActivityProxyLT$P07 -> com.z2lt7.iir3smvyjak.q8qjf6y.eiywe4.bhnglLT$P07:
com.excelliance.kxqp.platform.proxy.gameplugin4.ActivityProxyLT$P08 -> com.z2lt7.iir3smvyjak.q8qjf6y.eiywe4.bhnglLT$P08:
com.excelliance.kxqp.platform.proxy.gameplugin4.ActivityProxyLT$P09 -> com.z2lt7.iir3smvyjak.q8qjf6y.eiywe4.bhnglLT$P09:
com.excelliance.kxqp.platform.proxy.gameplugin4.ActivityProxyL -> com.z2lt7.iir3smvyjak.q8qjf6y.eiywe4.bhnglL:
com.excelliance.kxqp.platform.proxy.gameplugin4.ActivityProxy -> com.z2lt7.iir3smvyjak.q8qjf6y.eiywe4.bhngl:
com.excelliance.kxqp.platform.proxy.gameplugin4.ActivityProxyLT -> com.z2lt7.iir3smvyjak.q8qjf6y.eiywe4.bhnglLT:
com.excelliance.kxqp.platform.proxy.gameplugin4.ActivityProxyT -> com.z2lt7.iir3smvyjak.q8qjf6y.eiywe4.bhnglT:
com.excelliance.kxqp.platform.proxy.gameplugin5.ActivityProxy$P00 -> com.z2lt7.iir3smvyjak.q8qjf6y.eiywe5.bhngl$P00:
com.excelliance.kxqp.platform.proxy.gameplugin5.ActivityProxy$P01 -> com.z2lt7.iir3smvyjak.q8qjf6y.eiywe5.bhngl$P01:
com.excelliance.kxqp.platform.proxy.gameplugin5.ActivityProxy$P02 -> com.z2lt7.iir3smvyjak.q8qjf6y.eiywe5.bhngl$P02:
com.excelliance.kxqp.platform.proxy.gameplugin5.ActivityProxy$P03 -> com.z2lt7.iir3smvyjak.q8qjf6y.eiywe5.bhngl$P03:
com.excelliance.kxqp.platform.proxy.gameplugin5.ActivityProxy$P04 -> com.z2lt7.iir3smvyjak.q8qjf6y.eiywe5.bhngl$P04:
com.excelliance.kxqp.platform.proxy.gameplugin5.ActivityProxy$P05 -> com.z2lt7.iir3smvyjak.q8qjf6y.eiywe5.bhngl$P05:
com.excelliance.kxqp.platform.proxy.gameplugin5.ActivityProxy$P06 -> com.z2lt7.iir3smvyjak.q8qjf6y.eiywe5.bhngl$P06:
com.excelliance.kxqp.platform.proxy.gameplugin5.ActivityProxy$P07 -> com.z2lt7.iir3smvyjak.q8qjf6y.eiywe5.bhngl$P07:
com.excelliance.kxqp.platform.proxy.gameplugin5.ActivityProxy$P08 -> com.z2lt7.iir3smvyjak.q8qjf6y.eiywe5.bhngl$P08:
com.excelliance.kxqp.platform.proxy.gameplugin5.ActivityProxy$P09 -> com.z2lt7.iir3smvyjak.q8qjf6y.eiywe5.bhngl$P09:
com.excelliance.kxqp.platform.proxy.gameplugin5.ActivityProxyL$P00 -> com.z2lt7.iir3smvyjak.q8qjf6y.eiywe5.bhnglL$P00:
com.excelliance.kxqp.platform.proxy.gameplugin5.ActivityProxyL$P01 -> com.z2lt7.iir3smvyjak.q8qjf6y.eiywe5.bhnglL$P01:
com.excelliance.kxqp.platform.proxy.gameplugin5.ActivityProxyL$P02 -> com.z2lt7.iir3smvyjak.q8qjf6y.eiywe5.bhnglL$P02:
com.excelliance.kxqp.platform.proxy.gameplugin5.ActivityProxyL$P03 -> com.z2lt7.iir3smvyjak.q8qjf6y.eiywe5.bhnglL$P03:
com.excelliance.kxqp.platform.proxy.gameplugin5.ActivityProxyL$P04 -> com.z2lt7.iir3smvyjak.q8qjf6y.eiywe5.bhnglL$P04:
com.excelliance.kxqp.platform.proxy.gameplugin5.ActivityProxyL$P05 -> com.z2lt7.iir3smvyjak.q8qjf6y.eiywe5.bhnglL$P05:
com.excelliance.kxqp.platform.proxy.gameplugin5.ActivityProxyL$P06 -> com.z2lt7.iir3smvyjak.q8qjf6y.eiywe5.bhnglL$P06:
com.excelliance.kxqp.platform.proxy.gameplugin5.ActivityProxyL$P07 -> com.z2lt7.iir3smvyjak.q8qjf6y.eiywe5.bhnglL$P07:
com.excelliance.kxqp.platform.proxy.gameplugin5.ActivityProxyL$P08 -> com.z2lt7.iir3smvyjak.q8qjf6y.eiywe5.bhnglL$P08:
com.excelliance.kxqp.platform.proxy.gameplugin5.ActivityProxyL$P09 -> com.z2lt7.iir3smvyjak.q8qjf6y.eiywe5.bhnglL$P09:
com.excelliance.kxqp.platform.proxy.gameplugin5.ActivityProxyT$P00 -> com.z2lt7.iir3smvyjak.q8qjf6y.eiywe5.bhnglT$P00:
com.excelliance.kxqp.platform.proxy.gameplugin5.ActivityProxyT$P01 -> com.z2lt7.iir3smvyjak.q8qjf6y.eiywe5.bhnglT$P01:
com.excelliance.kxqp.platform.proxy.gameplugin5.ActivityProxyT$P02 -> com.z2lt7.iir3smvyjak.q8qjf6y.eiywe5.bhnglT$P02:
com.excelliance.kxqp.platform.proxy.gameplugin5.ActivityProxyT$P03 -> com.z2lt7.iir3smvyjak.q8qjf6y.eiywe5.bhnglT$P03:
com.excelliance.kxqp.platform.proxy.gameplugin5.ActivityProxyT$P04 -> com.z2lt7.iir3smvyjak.q8qjf6y.eiywe5.bhnglT$P04:
com.excelliance.kxqp.platform.proxy.gameplugin5.ActivityProxyT$P05 -> com.z2lt7.iir3smvyjak.q8qjf6y.eiywe5.bhnglT$P05:
com.excelliance.kxqp.platform.proxy.gameplugin5.ActivityProxyT$P06 -> com.z2lt7.iir3smvyjak.q8qjf6y.eiywe5.bhnglT$P06:
com.excelliance.kxqp.platform.proxy.gameplugin5.ActivityProxyT$P07 -> com.z2lt7.iir3smvyjak.q8qjf6y.eiywe5.bhnglT$P07:
com.excelliance.kxqp.platform.proxy.gameplugin5.ActivityProxyT$P08 -> com.z2lt7.iir3smvyjak.q8qjf6y.eiywe5.bhnglT$P08:
com.excelliance.kxqp.platform.proxy.gameplugin5.ActivityProxyT$P09 -> com.z2lt7.iir3smvyjak.q8qjf6y.eiywe5.bhnglT$P09:
com.excelliance.kxqp.platform.proxy.gameplugin5.ActivityProxyLT$P00 -> com.z2lt7.iir3smvyjak.q8qjf6y.eiywe5.bhnglLT$P00:
com.excelliance.kxqp.platform.proxy.gameplugin5.ActivityProxyLT$P01 -> com.z2lt7.iir3smvyjak.q8qjf6y.eiywe5.bhnglLT$P01:
com.excelliance.kxqp.platform.proxy.gameplugin5.ActivityProxyLT$P02 -> com.z2lt7.iir3smvyjak.q8qjf6y.eiywe5.bhnglLT$P02:
com.excelliance.kxqp.platform.proxy.gameplugin5.ActivityProxyLT$P03 -> com.z2lt7.iir3smvyjak.q8qjf6y.eiywe5.bhnglLT$P03:
com.excelliance.kxqp.platform.proxy.gameplugin5.ActivityProxyLT$P04 -> com.z2lt7.iir3smvyjak.q8qjf6y.eiywe5.bhnglLT$P04:
com.excelliance.kxqp.platform.proxy.gameplugin5.ActivityProxyLT$P05 -> com.z2lt7.iir3smvyjak.q8qjf6y.eiywe5.bhnglLT$P05:
com.excelliance.kxqp.platform.proxy.gameplugin5.ActivityProxyLT$P06 -> com.z2lt7.iir3smvyjak.q8qjf6y.eiywe5.bhnglLT$P06:
com.excelliance.kxqp.platform.proxy.gameplugin5.ActivityProxyLT$P07 -> com.z2lt7.iir3smvyjak.q8qjf6y.eiywe5.bhnglLT$P07:
com.excelliance.kxqp.platform.proxy.gameplugin5.ActivityProxyLT$P08 -> com.z2lt7.iir3smvyjak.q8qjf6y.eiywe5.bhnglLT$P08:
com.excelliance.kxqp.platform.proxy.gameplugin5.ActivityProxyLT$P09 -> com.z2lt7.iir3smvyjak.q8qjf6y.eiywe5.bhnglLT$P09:
com.excelliance.kxqp.platform.proxy.gameplugin5.ActivityProxy -> com.z2lt7.iir3smvyjak.q8qjf6y.eiywe5.bhngl:
com.excelliance.kxqp.platform.proxy.gameplugin5.ActivityProxyLT -> com.z2lt7.iir3smvyjak.q8qjf6y.eiywe5.bhnglLT:
com.excelliance.kxqp.platform.proxy.gameplugin5.ActivityProxyT -> com.z2lt7.iir3smvyjak.q8qjf6y.eiywe5.bhnglT:
com.excelliance.kxqp.platform.proxy.gameplugin5.ActivityProxyL -> com.z2lt7.iir3smvyjak.q8qjf6y.eiywe5.bhnglL:
com.excelliance.kxqp.platform.proxy.gameplugin6.ActivityProxy$P00 -> com.z2lt7.iir3smvyjak.q8qjf6y.eiywe6.bhngl$P00:
com.excelliance.kxqp.platform.proxy.gameplugin6.ActivityProxy$P01 -> com.z2lt7.iir3smvyjak.q8qjf6y.eiywe6.bhngl$P01:
com.excelliance.kxqp.platform.proxy.gameplugin6.ActivityProxy$P02 -> com.z2lt7.iir3smvyjak.q8qjf6y.eiywe6.bhngl$P02:
com.excelliance.kxqp.platform.proxy.gameplugin6.ActivityProxy$P03 -> com.z2lt7.iir3smvyjak.q8qjf6y.eiywe6.bhngl$P03:
com.excelliance.kxqp.platform.proxy.gameplugin6.ActivityProxy$P04 -> com.z2lt7.iir3smvyjak.q8qjf6y.eiywe6.bhngl$P04:
com.excelliance.kxqp.platform.proxy.gameplugin6.ActivityProxy$P05 -> com.z2lt7.iir3smvyjak.q8qjf6y.eiywe6.bhngl$P05:
com.excelliance.kxqp.platform.proxy.gameplugin6.ActivityProxy$P06 -> com.z2lt7.iir3smvyjak.q8qjf6y.eiywe6.bhngl$P06:
com.excelliance.kxqp.platform.proxy.gameplugin6.ActivityProxy$P07 -> com.z2lt7.iir3smvyjak.q8qjf6y.eiywe6.bhngl$P07:
com.excelliance.kxqp.platform.proxy.gameplugin6.ActivityProxy$P08 -> com.z2lt7.iir3smvyjak.q8qjf6y.eiywe6.bhngl$P08:
com.excelliance.kxqp.platform.proxy.gameplugin6.ActivityProxy$P09 -> com.z2lt7.iir3smvyjak.q8qjf6y.eiywe6.bhngl$P09:
com.excelliance.kxqp.platform.proxy.gameplugin6.ActivityProxyL$P00 -> com.z2lt7.iir3smvyjak.q8qjf6y.eiywe6.bhnglL$P00:
com.excelliance.kxqp.platform.proxy.gameplugin6.ActivityProxyL$P01 -> com.z2lt7.iir3smvyjak.q8qjf6y.eiywe6.bhnglL$P01:
com.excelliance.kxqp.platform.proxy.gameplugin6.ActivityProxyL$P02 -> com.z2lt7.iir3smvyjak.q8qjf6y.eiywe6.bhnglL$P02:
com.excelliance.kxqp.platform.proxy.gameplugin6.ActivityProxyL$P03 -> com.z2lt7.iir3smvyjak.q8qjf6y.eiywe6.bhnglL$P03:
com.excelliance.kxqp.platform.proxy.gameplugin6.ActivityProxyL$P04 -> com.z2lt7.iir3smvyjak.q8qjf6y.eiywe6.bhnglL$P04:
com.excelliance.kxqp.platform.proxy.gameplugin6.ActivityProxyL$P05 -> com.z2lt7.iir3smvyjak.q8qjf6y.eiywe6.bhnglL$P05:
com.excelliance.kxqp.platform.proxy.gameplugin6.ActivityProxyL$P06 -> com.z2lt7.iir3smvyjak.q8qjf6y.eiywe6.bhnglL$P06:
com.excelliance.kxqp.platform.proxy.gameplugin6.ActivityProxyL$P07 -> com.z2lt7.iir3smvyjak.q8qjf6y.eiywe6.bhnglL$P07:
com.excelliance.kxqp.platform.proxy.gameplugin6.ActivityProxyL$P08 -> com.z2lt7.iir3smvyjak.q8qjf6y.eiywe6.bhnglL$P08:
com.excelliance.kxqp.platform.proxy.gameplugin6.ActivityProxyL$P09 -> com.z2lt7.iir3smvyjak.q8qjf6y.eiywe6.bhnglL$P09:
com.excelliance.kxqp.platform.proxy.gameplugin6.ActivityProxyT$P00 -> com.z2lt7.iir3smvyjak.q8qjf6y.eiywe6.bhnglT$P00:
com.excelliance.kxqp.platform.proxy.gameplugin6.ActivityProxyT$P01 -> com.z2lt7.iir3smvyjak.q8qjf6y.eiywe6.bhnglT$P01:
com.excelliance.kxqp.platform.proxy.gameplugin6.ActivityProxyT$P02 -> com.z2lt7.iir3smvyjak.q8qjf6y.eiywe6.bhnglT$P02:
com.excelliance.kxqp.platform.proxy.gameplugin6.ActivityProxyT$P03 -> com.z2lt7.iir3smvyjak.q8qjf6y.eiywe6.bhnglT$P03:
com.excelliance.kxqp.platform.proxy.gameplugin6.ActivityProxyT$P04 -> com.z2lt7.iir3smvyjak.q8qjf6y.eiywe6.bhnglT$P04:
com.excelliance.kxqp.platform.proxy.gameplugin6.ActivityProxyT$P05 -> com.z2lt7.iir3smvyjak.q8qjf6y.eiywe6.bhnglT$P05:
com.excelliance.kxqp.platform.proxy.gameplugin6.ActivityProxyT$P06 -> com.z2lt7.iir3smvyjak.q8qjf6y.eiywe6.bhnglT$P06:
com.excelliance.kxqp.platform.proxy.gameplugin6.ActivityProxyT$P07 -> com.z2lt7.iir3smvyjak.q8qjf6y.eiywe6.bhnglT$P07:
com.excelliance.kxqp.platform.proxy.gameplugin6.ActivityProxyT$P08 -> com.z2lt7.iir3smvyjak.q8qjf6y.eiywe6.bhnglT$P08:
com.excelliance.kxqp.platform.proxy.gameplugin6.ActivityProxyT$P09 -> com.z2lt7.iir3smvyjak.q8qjf6y.eiywe6.bhnglT$P09:
com.excelliance.kxqp.platform.proxy.gameplugin6.ActivityProxyLT$P00 -> com.z2lt7.iir3smvyjak.q8qjf6y.eiywe6.bhnglLT$P00:
com.excelliance.kxqp.platform.proxy.gameplugin6.ActivityProxyLT$P01 -> com.z2lt7.iir3smvyjak.q8qjf6y.eiywe6.bhnglLT$P01:
com.excelliance.kxqp.platform.proxy.gameplugin6.ActivityProxyLT$P02 -> com.z2lt7.iir3smvyjak.q8qjf6y.eiywe6.bhnglLT$P02:
com.excelliance.kxqp.platform.proxy.gameplugin6.ActivityProxyLT$P03 -> com.z2lt7.iir3smvyjak.q8qjf6y.eiywe6.bhnglLT$P03:
com.excelliance.kxqp.platform.proxy.gameplugin6.ActivityProxyLT$P04 -> com.z2lt7.iir3smvyjak.q8qjf6y.eiywe6.bhnglLT$P04:
com.excelliance.kxqp.platform.proxy.gameplugin6.ActivityProxyLT$P05 -> com.z2lt7.iir3smvyjak.q8qjf6y.eiywe6.bhnglLT$P05:
com.excelliance.kxqp.platform.proxy.gameplugin6.ActivityProxyLT$P06 -> com.z2lt7.iir3smvyjak.q8qjf6y.eiywe6.bhnglLT$P06:
com.excelliance.kxqp.platform.proxy.gameplugin6.ActivityProxyLT$P07 -> com.z2lt7.iir3smvyjak.q8qjf6y.eiywe6.bhnglLT$P07:
com.excelliance.kxqp.platform.proxy.gameplugin6.ActivityProxyLT$P08 -> com.z2lt7.iir3smvyjak.q8qjf6y.eiywe6.bhnglLT$P08:
com.excelliance.kxqp.platform.proxy.gameplugin6.ActivityProxyLT$P09 -> com.z2lt7.iir3smvyjak.q8qjf6y.eiywe6.bhnglLT$P09:
com.excelliance.kxqp.platform.proxy.gameplugin6.ActivityProxyL -> com.z2lt7.iir3smvyjak.q8qjf6y.eiywe6.bhnglL:
com.excelliance.kxqp.platform.proxy.gameplugin6.ActivityProxyLT -> com.z2lt7.iir3smvyjak.q8qjf6y.eiywe6.bhnglLT:
com.excelliance.kxqp.platform.proxy.gameplugin6.ActivityProxy -> com.z2lt7.iir3smvyjak.q8qjf6y.eiywe6.bhngl:
com.excelliance.kxqp.platform.proxy.gameplugin6.ActivityProxyT -> com.z2lt7.iir3smvyjak.q8qjf6y.eiywe6.bhnglT:
com.excelliance.kxqp.platform.proxy.gameplugin7.ActivityProxy$P00 -> com.z2lt7.iir3smvyjak.q8qjf6y.eiywe7.bhngl$P00:
com.excelliance.kxqp.platform.proxy.gameplugin7.ActivityProxy$P01 -> com.z2lt7.iir3smvyjak.q8qjf6y.eiywe7.bhngl$P01:
com.excelliance.kxqp.platform.proxy.gameplugin7.ActivityProxy$P02 -> com.z2lt7.iir3smvyjak.q8qjf6y.eiywe7.bhngl$P02:
com.excelliance.kxqp.platform.proxy.gameplugin7.ActivityProxy$P03 -> com.z2lt7.iir3smvyjak.q8qjf6y.eiywe7.bhngl$P03:
com.excelliance.kxqp.platform.proxy.gameplugin7.ActivityProxy$P04 -> com.z2lt7.iir3smvyjak.q8qjf6y.eiywe7.bhngl$P04:
com.excelliance.kxqp.platform.proxy.gameplugin7.ActivityProxy$P05 -> com.z2lt7.iir3smvyjak.q8qjf6y.eiywe7.bhngl$P05:
com.excelliance.kxqp.platform.proxy.gameplugin7.ActivityProxy$P06 -> com.z2lt7.iir3smvyjak.q8qjf6y.eiywe7.bhngl$P06:
com.excelliance.kxqp.platform.proxy.gameplugin7.ActivityProxy$P07 -> com.z2lt7.iir3smvyjak.q8qjf6y.eiywe7.bhngl$P07:
com.excelliance.kxqp.platform.proxy.gameplugin7.ActivityProxy$P08 -> com.z2lt7.iir3smvyjak.q8qjf6y.eiywe7.bhngl$P08:
com.excelliance.kxqp.platform.proxy.gameplugin7.ActivityProxy$P09 -> com.z2lt7.iir3smvyjak.q8qjf6y.eiywe7.bhngl$P09:
com.excelliance.kxqp.platform.proxy.gameplugin7.ActivityProxyL$P00 -> com.z2lt7.iir3smvyjak.q8qjf6y.eiywe7.bhnglL$P00:
com.excelliance.kxqp.platform.proxy.gameplugin7.ActivityProxyL$P01 -> com.z2lt7.iir3smvyjak.q8qjf6y.eiywe7.bhnglL$P01:
com.excelliance.kxqp.platform.proxy.gameplugin7.ActivityProxyL$P02 -> com.z2lt7.iir3smvyjak.q8qjf6y.eiywe7.bhnglL$P02:
com.excelliance.kxqp.platform.proxy.gameplugin7.ActivityProxyL$P03 -> com.z2lt7.iir3smvyjak.q8qjf6y.eiywe7.bhnglL$P03:
com.excelliance.kxqp.platform.proxy.gameplugin7.ActivityProxyL$P04 -> com.z2lt7.iir3smvyjak.q8qjf6y.eiywe7.bhnglL$P04:
com.excelliance.kxqp.platform.proxy.gameplugin7.ActivityProxyL$P05 -> com.z2lt7.iir3smvyjak.q8qjf6y.eiywe7.bhnglL$P05:
com.excelliance.kxqp.platform.proxy.gameplugin7.ActivityProxyL$P06 -> com.z2lt7.iir3smvyjak.q8qjf6y.eiywe7.bhnglL$P06:
com.excelliance.kxqp.platform.proxy.gameplugin7.ActivityProxyL$P07 -> com.z2lt7.iir3smvyjak.q8qjf6y.eiywe7.bhnglL$P07:
com.excelliance.kxqp.platform.proxy.gameplugin7.ActivityProxyL$P08 -> com.z2lt7.iir3smvyjak.q8qjf6y.eiywe7.bhnglL$P08:
com.excelliance.kxqp.platform.proxy.gameplugin7.ActivityProxyL$P09 -> com.z2lt7.iir3smvyjak.q8qjf6y.eiywe7.bhnglL$P09:
com.excelliance.kxqp.platform.proxy.gameplugin7.ActivityProxyT$P00 -> com.z2lt7.iir3smvyjak.q8qjf6y.eiywe7.bhnglT$P00:
com.excelliance.kxqp.platform.proxy.gameplugin7.ActivityProxyT$P01 -> com.z2lt7.iir3smvyjak.q8qjf6y.eiywe7.bhnglT$P01:
com.excelliance.kxqp.platform.proxy.gameplugin7.ActivityProxyT$P02 -> com.z2lt7.iir3smvyjak.q8qjf6y.eiywe7.bhnglT$P02:
com.excelliance.kxqp.platform.proxy.gameplugin7.ActivityProxyT$P03 -> com.z2lt7.iir3smvyjak.q8qjf6y.eiywe7.bhnglT$P03:
com.excelliance.kxqp.platform.proxy.gameplugin7.ActivityProxyT$P04 -> com.z2lt7.iir3smvyjak.q8qjf6y.eiywe7.bhnglT$P04:
com.excelliance.kxqp.platform.proxy.gameplugin7.ActivityProxyT$P05 -> com.z2lt7.iir3smvyjak.q8qjf6y.eiywe7.bhnglT$P05:
com.excelliance.kxqp.platform.proxy.gameplugin7.ActivityProxyT$P06 -> com.z2lt7.iir3smvyjak.q8qjf6y.eiywe7.bhnglT$P06:
com.excelliance.kxqp.platform.proxy.gameplugin7.ActivityProxyT$P07 -> com.z2lt7.iir3smvyjak.q8qjf6y.eiywe7.bhnglT$P07:
com.excelliance.kxqp.platform.proxy.gameplugin7.ActivityProxyT$P08 -> com.z2lt7.iir3smvyjak.q8qjf6y.eiywe7.bhnglT$P08:
com.excelliance.kxqp.platform.proxy.gameplugin7.ActivityProxyT$P09 -> com.z2lt7.iir3smvyjak.q8qjf6y.eiywe7.bhnglT$P09:
com.excelliance.kxqp.platform.proxy.gameplugin7.ActivityProxyLT$P00 -> com.z2lt7.iir3smvyjak.q8qjf6y.eiywe7.bhnglLT$P00:
com.excelliance.kxqp.platform.proxy.gameplugin7.ActivityProxyLT$P01 -> com.z2lt7.iir3smvyjak.q8qjf6y.eiywe7.bhnglLT$P01:
com.excelliance.kxqp.platform.proxy.gameplugin7.ActivityProxyLT$P02 -> com.z2lt7.iir3smvyjak.q8qjf6y.eiywe7.bhnglLT$P02:
com.excelliance.kxqp.platform.proxy.gameplugin7.ActivityProxyLT$P03 -> com.z2lt7.iir3smvyjak.q8qjf6y.eiywe7.bhnglLT$P03:
com.excelliance.kxqp.platform.proxy.gameplugin7.ActivityProxyLT$P04 -> com.z2lt7.iir3smvyjak.q8qjf6y.eiywe7.bhnglLT$P04:
com.excelliance.kxqp.platform.proxy.gameplugin7.ActivityProxyLT$P05 -> com.z2lt7.iir3smvyjak.q8qjf6y.eiywe7.bhnglLT$P05:
com.excelliance.kxqp.platform.proxy.gameplugin7.ActivityProxyLT$P06 -> com.z2lt7.iir3smvyjak.q8qjf6y.eiywe7.bhnglLT$P06:
com.excelliance.kxqp.platform.proxy.gameplugin7.ActivityProxyLT$P07 -> com.z2lt7.iir3smvyjak.q8qjf6y.eiywe7.bhnglLT$P07:
com.excelliance.kxqp.platform.proxy.gameplugin7.ActivityProxyLT$P08 -> com.z2lt7.iir3smvyjak.q8qjf6y.eiywe7.bhnglLT$P08:
com.excelliance.kxqp.platform.proxy.gameplugin7.ActivityProxyLT$P09 -> com.z2lt7.iir3smvyjak.q8qjf6y.eiywe7.bhnglLT$P09:
com.excelliance.kxqp.platform.proxy.gameplugin7.ActivityProxyL -> com.z2lt7.iir3smvyjak.q8qjf6y.eiywe7.bhnglL:
com.excelliance.kxqp.platform.proxy.gameplugin7.ActivityProxyT -> com.z2lt7.iir3smvyjak.q8qjf6y.eiywe7.bhnglT:
com.excelliance.kxqp.platform.proxy.gameplugin7.ActivityProxy -> com.z2lt7.iir3smvyjak.q8qjf6y.eiywe7.bhngl:
com.excelliance.kxqp.platform.proxy.gameplugin7.ActivityProxyLT -> com.z2lt7.iir3smvyjak.q8qjf6y.eiywe7.bhnglLT:
com.excelliance.kxqp.platform.proxy.gameplugin8.ActivityProxy$P00 -> com.z2lt7.iir3smvyjak.q8qjf6y.eiywe8.bhngl$P00:
com.excelliance.kxqp.platform.proxy.gameplugin8.ActivityProxy$P01 -> com.z2lt7.iir3smvyjak.q8qjf6y.eiywe8.bhngl$P01:
com.excelliance.kxqp.platform.proxy.gameplugin8.ActivityProxy$P02 -> com.z2lt7.iir3smvyjak.q8qjf6y.eiywe8.bhngl$P02:
com.excelliance.kxqp.platform.proxy.gameplugin8.ActivityProxy$P03 -> com.z2lt7.iir3smvyjak.q8qjf6y.eiywe8.bhngl$P03:
com.excelliance.kxqp.platform.proxy.gameplugin8.ActivityProxy$P04 -> com.z2lt7.iir3smvyjak.q8qjf6y.eiywe8.bhngl$P04:
com.excelliance.kxqp.platform.proxy.gameplugin8.ActivityProxy$P05 -> com.z2lt7.iir3smvyjak.q8qjf6y.eiywe8.bhngl$P05:
com.excelliance.kxqp.platform.proxy.gameplugin8.ActivityProxy$P06 -> com.z2lt7.iir3smvyjak.q8qjf6y.eiywe8.bhngl$P06:
com.excelliance.kxqp.platform.proxy.gameplugin8.ActivityProxy$P07 -> com.z2lt7.iir3smvyjak.q8qjf6y.eiywe8.bhngl$P07:
com.excelliance.kxqp.platform.proxy.gameplugin8.ActivityProxy$P08 -> com.z2lt7.iir3smvyjak.q8qjf6y.eiywe8.bhngl$P08:
com.excelliance.kxqp.platform.proxy.gameplugin8.ActivityProxy$P09 -> com.z2lt7.iir3smvyjak.q8qjf6y.eiywe8.bhngl$P09:
com.excelliance.kxqp.platform.proxy.gameplugin8.ActivityProxyL$P00 -> com.z2lt7.iir3smvyjak.q8qjf6y.eiywe8.bhnglL$P00:
com.excelliance.kxqp.platform.proxy.gameplugin8.ActivityProxyL$P01 -> com.z2lt7.iir3smvyjak.q8qjf6y.eiywe8.bhnglL$P01:
com.excelliance.kxqp.platform.proxy.gameplugin8.ActivityProxyL$P02 -> com.z2lt7.iir3smvyjak.q8qjf6y.eiywe8.bhnglL$P02:
com.excelliance.kxqp.platform.proxy.gameplugin8.ActivityProxyL$P03 -> com.z2lt7.iir3smvyjak.q8qjf6y.eiywe8.bhnglL$P03:
com.excelliance.kxqp.platform.proxy.gameplugin8.ActivityProxyL$P04 -> com.z2lt7.iir3smvyjak.q8qjf6y.eiywe8.bhnglL$P04:
com.excelliance.kxqp.platform.proxy.gameplugin8.ActivityProxyL$P05 -> com.z2lt7.iir3smvyjak.q8qjf6y.eiywe8.bhnglL$P05:
com.excelliance.kxqp.platform.proxy.gameplugin8.ActivityProxyL$P06 -> com.z2lt7.iir3smvyjak.q8qjf6y.eiywe8.bhnglL$P06:
com.excelliance.kxqp.platform.proxy.gameplugin8.ActivityProxyL$P07 -> com.z2lt7.iir3smvyjak.q8qjf6y.eiywe8.bhnglL$P07:
com.excelliance.kxqp.platform.proxy.gameplugin8.ActivityProxyL$P08 -> com.z2lt7.iir3smvyjak.q8qjf6y.eiywe8.bhnglL$P08:
com.excelliance.kxqp.platform.proxy.gameplugin8.ActivityProxyL$P09 -> com.z2lt7.iir3smvyjak.q8qjf6y.eiywe8.bhnglL$P09:
com.excelliance.kxqp.platform.proxy.gameplugin8.ActivityProxyT$P00 -> com.z2lt7.iir3smvyjak.q8qjf6y.eiywe8.bhnglT$P00:
com.excelliance.kxqp.platform.proxy.gameplugin8.ActivityProxyT$P01 -> com.z2lt7.iir3smvyjak.q8qjf6y.eiywe8.bhnglT$P01:
com.excelliance.kxqp.platform.proxy.gameplugin8.ActivityProxyT$P02 -> com.z2lt7.iir3smvyjak.q8qjf6y.eiywe8.bhnglT$P02:
com.excelliance.kxqp.platform.proxy.gameplugin8.ActivityProxyT$P03 -> com.z2lt7.iir3smvyjak.q8qjf6y.eiywe8.bhnglT$P03:
com.excelliance.kxqp.platform.proxy.gameplugin8.ActivityProxyT$P04 -> com.z2lt7.iir3smvyjak.q8qjf6y.eiywe8.bhnglT$P04:
com.excelliance.kxqp.platform.proxy.gameplugin8.ActivityProxyT$P05 -> com.z2lt7.iir3smvyjak.q8qjf6y.eiywe8.bhnglT$P05:
com.excelliance.kxqp.platform.proxy.gameplugin8.ActivityProxyT$P06 -> com.z2lt7.iir3smvyjak.q8qjf6y.eiywe8.bhnglT$P06:
com.excelliance.kxqp.platform.proxy.gameplugin8.ActivityProxyT$P07 -> com.z2lt7.iir3smvyjak.q8qjf6y.eiywe8.bhnglT$P07:
com.excelliance.kxqp.platform.proxy.gameplugin8.ActivityProxyT$P08 -> com.z2lt7.iir3smvyjak.q8qjf6y.eiywe8.bhnglT$P08:
com.excelliance.kxqp.platform.proxy.gameplugin8.ActivityProxyT$P09 -> com.z2lt7.iir3smvyjak.q8qjf6y.eiywe8.bhnglT$P09:
com.excelliance.kxqp.platform.proxy.gameplugin8.ActivityProxyLT$P00 -> com.z2lt7.iir3smvyjak.q8qjf6y.eiywe8.bhnglLT$P00:
com.excelliance.kxqp.platform.proxy.gameplugin8.ActivityProxyLT$P01 -> com.z2lt7.iir3smvyjak.q8qjf6y.eiywe8.bhnglLT$P01:
com.excelliance.kxqp.platform.proxy.gameplugin8.ActivityProxyLT$P02 -> com.z2lt7.iir3smvyjak.q8qjf6y.eiywe8.bhnglLT$P02:
com.excelliance.kxqp.platform.proxy.gameplugin8.ActivityProxyLT$P03 -> com.z2lt7.iir3smvyjak.q8qjf6y.eiywe8.bhnglLT$P03:
com.excelliance.kxqp.platform.proxy.gameplugin8.ActivityProxyLT$P04 -> com.z2lt7.iir3smvyjak.q8qjf6y.eiywe8.bhnglLT$P04:
com.excelliance.kxqp.platform.proxy.gameplugin8.ActivityProxyLT$P05 -> com.z2lt7.iir3smvyjak.q8qjf6y.eiywe8.bhnglLT$P05:
com.excelliance.kxqp.platform.proxy.gameplugin8.ActivityProxyLT$P06 -> com.z2lt7.iir3smvyjak.q8qjf6y.eiywe8.bhnglLT$P06:
com.excelliance.kxqp.platform.proxy.gameplugin8.ActivityProxyLT$P07 -> com.z2lt7.iir3smvyjak.q8qjf6y.eiywe8.bhnglLT$P07:
com.excelliance.kxqp.platform.proxy.gameplugin8.ActivityProxyLT$P08 -> com.z2lt7.iir3smvyjak.q8qjf6y.eiywe8.bhnglLT$P08:
com.excelliance.kxqp.platform.proxy.gameplugin8.ActivityProxyLT$P09 -> com.z2lt7.iir3smvyjak.q8qjf6y.eiywe8.bhnglLT$P09:
com.excelliance.kxqp.platform.proxy.gameplugin8.ActivityProxy -> com.z2lt7.iir3smvyjak.q8qjf6y.eiywe8.bhngl:
com.excelliance.kxqp.platform.proxy.gameplugin8.ActivityProxyLT -> com.z2lt7.iir3smvyjak.q8qjf6y.eiywe8.bhnglLT:
com.excelliance.kxqp.platform.proxy.gameplugin8.ActivityProxyL -> com.z2lt7.iir3smvyjak.q8qjf6y.eiywe8.bhnglL:
com.excelliance.kxqp.platform.proxy.gameplugin8.ActivityProxyT -> com.z2lt7.iir3smvyjak.q8qjf6y.eiywe8.bhnglT:
com.excelliance.kxqp.platform.proxy.gameplugin9.ActivityProxy$P00 -> com.z2lt7.iir3smvyjak.q8qjf6y.eiywe9.bhngl$P00:
com.excelliance.kxqp.platform.proxy.gameplugin9.ActivityProxy$P01 -> com.z2lt7.iir3smvyjak.q8qjf6y.eiywe9.bhngl$P01:
com.excelliance.kxqp.platform.proxy.gameplugin9.ActivityProxy$P02 -> com.z2lt7.iir3smvyjak.q8qjf6y.eiywe9.bhngl$P02:
com.excelliance.kxqp.platform.proxy.gameplugin9.ActivityProxy$P03 -> com.z2lt7.iir3smvyjak.q8qjf6y.eiywe9.bhngl$P03:
com.excelliance.kxqp.platform.proxy.gameplugin9.ActivityProxy$P04 -> com.z2lt7.iir3smvyjak.q8qjf6y.eiywe9.bhngl$P04:
com.excelliance.kxqp.platform.proxy.gameplugin9.ActivityProxy$P05 -> com.z2lt7.iir3smvyjak.q8qjf6y.eiywe9.bhngl$P05:
com.excelliance.kxqp.platform.proxy.gameplugin9.ActivityProxy$P06 -> com.z2lt7.iir3smvyjak.q8qjf6y.eiywe9.bhngl$P06:
com.excelliance.kxqp.platform.proxy.gameplugin9.ActivityProxy$P07 -> com.z2lt7.iir3smvyjak.q8qjf6y.eiywe9.bhngl$P07:
com.excelliance.kxqp.platform.proxy.gameplugin9.ActivityProxy$P08 -> com.z2lt7.iir3smvyjak.q8qjf6y.eiywe9.bhngl$P08:
com.excelliance.kxqp.platform.proxy.gameplugin9.ActivityProxy$P09 -> com.z2lt7.iir3smvyjak.q8qjf6y.eiywe9.bhngl$P09:
com.excelliance.kxqp.platform.proxy.gameplugin9.ActivityProxyL$P00 -> com.z2lt7.iir3smvyjak.q8qjf6y.eiywe9.bhnglL$P00:
com.excelliance.kxqp.platform.proxy.gameplugin9.ActivityProxyL$P01 -> com.z2lt7.iir3smvyjak.q8qjf6y.eiywe9.bhnglL$P01:
com.excelliance.kxqp.platform.proxy.gameplugin9.ActivityProxyL$P02 -> com.z2lt7.iir3smvyjak.q8qjf6y.eiywe9.bhnglL$P02:
com.excelliance.kxqp.platform.proxy.gameplugin9.ActivityProxyL$P03 -> com.z2lt7.iir3smvyjak.q8qjf6y.eiywe9.bhnglL$P03:
com.excelliance.kxqp.platform.proxy.gameplugin9.ActivityProxyL$P04 -> com.z2lt7.iir3smvyjak.q8qjf6y.eiywe9.bhnglL$P04:
com.excelliance.kxqp.platform.proxy.gameplugin9.ActivityProxyL$P05 -> com.z2lt7.iir3smvyjak.q8qjf6y.eiywe9.bhnglL$P05:
com.excelliance.kxqp.platform.proxy.gameplugin9.ActivityProxyL$P06 -> com.z2lt7.iir3smvyjak.q8qjf6y.eiywe9.bhnglL$P06:
com.excelliance.kxqp.platform.proxy.gameplugin9.ActivityProxyL$P07 -> com.z2lt7.iir3smvyjak.q8qjf6y.eiywe9.bhnglL$P07:
com.excelliance.kxqp.platform.proxy.gameplugin9.ActivityProxyL$P08 -> com.z2lt7.iir3smvyjak.q8qjf6y.eiywe9.bhnglL$P08:
com.excelliance.kxqp.platform.proxy.gameplugin9.ActivityProxyL$P09 -> com.z2lt7.iir3smvyjak.q8qjf6y.eiywe9.bhnglL$P09:
com.excelliance.kxqp.platform.proxy.gameplugin9.ActivityProxyT$P00 -> com.z2lt7.iir3smvyjak.q8qjf6y.eiywe9.bhnglT$P00:
com.excelliance.kxqp.platform.proxy.gameplugin9.ActivityProxyT$P01 -> com.z2lt7.iir3smvyjak.q8qjf6y.eiywe9.bhnglT$P01:
com.excelliance.kxqp.platform.proxy.gameplugin9.ActivityProxyT$P02 -> com.z2lt7.iir3smvyjak.q8qjf6y.eiywe9.bhnglT$P02:
com.excelliance.kxqp.platform.proxy.gameplugin9.ActivityProxyT$P03 -> com.z2lt7.iir3smvyjak.q8qjf6y.eiywe9.bhnglT$P03:
com.excelliance.kxqp.platform.proxy.gameplugin9.ActivityProxyT$P04 -> com.z2lt7.iir3smvyjak.q8qjf6y.eiywe9.bhnglT$P04:
com.excelliance.kxqp.platform.proxy.gameplugin9.ActivityProxyT$P05 -> com.z2lt7.iir3smvyjak.q8qjf6y.eiywe9.bhnglT$P05:
com.excelliance.kxqp.platform.proxy.gameplugin9.ActivityProxyT$P06 -> com.z2lt7.iir3smvyjak.q8qjf6y.eiywe9.bhnglT$P06:
com.excelliance.kxqp.platform.proxy.gameplugin9.ActivityProxyT$P07 -> com.z2lt7.iir3smvyjak.q8qjf6y.eiywe9.bhnglT$P07:
com.excelliance.kxqp.platform.proxy.gameplugin9.ActivityProxyT$P08 -> com.z2lt7.iir3smvyjak.q8qjf6y.eiywe9.bhnglT$P08:
com.excelliance.kxqp.platform.proxy.gameplugin9.ActivityProxyT$P09 -> com.z2lt7.iir3smvyjak.q8qjf6y.eiywe9.bhnglT$P09:
com.excelliance.kxqp.platform.proxy.gameplugin9.ActivityProxyLT$P00 -> com.z2lt7.iir3smvyjak.q8qjf6y.eiywe9.bhnglLT$P00:
com.excelliance.kxqp.platform.proxy.gameplugin9.ActivityProxyLT$P01 -> com.z2lt7.iir3smvyjak.q8qjf6y.eiywe9.bhnglLT$P01:
com.excelliance.kxqp.platform.proxy.gameplugin9.ActivityProxyLT$P02 -> com.z2lt7.iir3smvyjak.q8qjf6y.eiywe9.bhnglLT$P02:
com.excelliance.kxqp.platform.proxy.gameplugin9.ActivityProxyLT$P03 -> com.z2lt7.iir3smvyjak.q8qjf6y.eiywe9.bhnglLT$P03:
com.excelliance.kxqp.platform.proxy.gameplugin9.ActivityProxyLT$P04 -> com.z2lt7.iir3smvyjak.q8qjf6y.eiywe9.bhnglLT$P04:
com.excelliance.kxqp.platform.proxy.gameplugin9.ActivityProxyLT$P05 -> com.z2lt7.iir3smvyjak.q8qjf6y.eiywe9.bhnglLT$P05:
com.excelliance.kxqp.platform.proxy.gameplugin9.ActivityProxyLT$P06 -> com.z2lt7.iir3smvyjak.q8qjf6y.eiywe9.bhnglLT$P06:
com.excelliance.kxqp.platform.proxy.gameplugin9.ActivityProxyLT$P07 -> com.z2lt7.iir3smvyjak.q8qjf6y.eiywe9.bhnglLT$P07:
com.excelliance.kxqp.platform.proxy.gameplugin9.ActivityProxyLT$P08 -> com.z2lt7.iir3smvyjak.q8qjf6y.eiywe9.bhnglLT$P08:
com.excelliance.kxqp.platform.proxy.gameplugin9.ActivityProxyLT$P09 -> com.z2lt7.iir3smvyjak.q8qjf6y.eiywe9.bhnglLT$P09:
com.excelliance.kxqp.platform.proxy.gameplugin9.ActivityProxyT -> com.z2lt7.iir3smvyjak.q8qjf6y.eiywe9.bhnglT:
com.excelliance.kxqp.platform.proxy.gameplugin9.ActivityProxyL -> com.z2lt7.iir3smvyjak.q8qjf6y.eiywe9.bhnglL:
com.excelliance.kxqp.platform.proxy.gameplugin9.ActivityProxy -> com.z2lt7.iir3smvyjak.q8qjf6y.eiywe9.bhngl:
com.excelliance.kxqp.platform.proxy.gameplugin9.ActivityProxyLT -> com.z2lt7.iir3smvyjak.q8qjf6y.eiywe9.bhnglLT:
com.excelliance.kxqp.platform.proxy.gameplugin.ServiceProxy$P00 -> com.z2lt7.iir3smvyjak.q8qjf6y.eiywe.p76eq1su11$P00:
com.excelliance.kxqp.platform.proxy.gameplugin.ServiceProxy$P01 -> com.z2lt7.iir3smvyjak.q8qjf6y.eiywe.p76eq1su11$P01:
com.excelliance.kxqp.platform.proxy.gameplugin.ServiceProxy$P02 -> com.z2lt7.iir3smvyjak.q8qjf6y.eiywe.p76eq1su11$P02:
com.excelliance.kxqp.platform.proxy.gameplugin.ServiceProxy$P03 -> com.z2lt7.iir3smvyjak.q8qjf6y.eiywe.p76eq1su11$P03:
com.excelliance.kxqp.platform.proxy.gameplugin.ServiceProxy$P04 -> com.z2lt7.iir3smvyjak.q8qjf6y.eiywe.p76eq1su11$P04:
com.excelliance.kxqp.platform.proxy.gameplugin.ServiceProxy$P05 -> com.z2lt7.iir3smvyjak.q8qjf6y.eiywe.p76eq1su11$P05:
com.excelliance.kxqp.platform.proxy.gameplugin.ServiceProxy$P06 -> com.z2lt7.iir3smvyjak.q8qjf6y.eiywe.p76eq1su11$P06:
com.excelliance.kxqp.platform.proxy.gameplugin.ServiceProxy$P07 -> com.z2lt7.iir3smvyjak.q8qjf6y.eiywe.p76eq1su11$P07:
com.excelliance.kxqp.platform.proxy.gameplugin.ServiceProxy$P08 -> com.z2lt7.iir3smvyjak.q8qjf6y.eiywe.p76eq1su11$P08:
com.excelliance.kxqp.platform.proxy.gameplugin.ServiceProxy$P09 -> com.z2lt7.iir3smvyjak.q8qjf6y.eiywe.p76eq1su11$P09:
com.excelliance.kxqp.platform.proxy.gameplugin.ServiceProxy -> com.z2lt7.iir3smvyjak.q8qjf6y.eiywe.p76eq1su11:
com.excelliance.kxqp.platform.proxy.gameplugin1.ServiceProxy$P00 -> com.z2lt7.iir3smvyjak.q8qjf6y.eiywe1.p76eq1su11$P00:
com.excelliance.kxqp.platform.proxy.gameplugin1.ServiceProxy$P01 -> com.z2lt7.iir3smvyjak.q8qjf6y.eiywe1.p76eq1su11$P01:
com.excelliance.kxqp.platform.proxy.gameplugin1.ServiceProxy$P02 -> com.z2lt7.iir3smvyjak.q8qjf6y.eiywe1.p76eq1su11$P02:
com.excelliance.kxqp.platform.proxy.gameplugin1.ServiceProxy$P03 -> com.z2lt7.iir3smvyjak.q8qjf6y.eiywe1.p76eq1su11$P03:
com.excelliance.kxqp.platform.proxy.gameplugin1.ServiceProxy$P04 -> com.z2lt7.iir3smvyjak.q8qjf6y.eiywe1.p76eq1su11$P04:
com.excelliance.kxqp.platform.proxy.gameplugin1.ServiceProxy$P05 -> com.z2lt7.iir3smvyjak.q8qjf6y.eiywe1.p76eq1su11$P05:
com.excelliance.kxqp.platform.proxy.gameplugin1.ServiceProxy$P06 -> com.z2lt7.iir3smvyjak.q8qjf6y.eiywe1.p76eq1su11$P06:
com.excelliance.kxqp.platform.proxy.gameplugin1.ServiceProxy$P07 -> com.z2lt7.iir3smvyjak.q8qjf6y.eiywe1.p76eq1su11$P07:
com.excelliance.kxqp.platform.proxy.gameplugin1.ServiceProxy$P08 -> com.z2lt7.iir3smvyjak.q8qjf6y.eiywe1.p76eq1su11$P08:
com.excelliance.kxqp.platform.proxy.gameplugin1.ServiceProxy$P09 -> com.z2lt7.iir3smvyjak.q8qjf6y.eiywe1.p76eq1su11$P09:
com.excelliance.kxqp.platform.proxy.gameplugin1.ServiceProxy -> com.z2lt7.iir3smvyjak.q8qjf6y.eiywe1.p76eq1su11:
com.excelliance.kxqp.platform.proxy.gameplugin2.ServiceProxy$P00 -> com.z2lt7.iir3smvyjak.q8qjf6y.eiywe2.p76eq1su11$P00:
com.excelliance.kxqp.platform.proxy.gameplugin2.ServiceProxy$P01 -> com.z2lt7.iir3smvyjak.q8qjf6y.eiywe2.p76eq1su11$P01:
com.excelliance.kxqp.platform.proxy.gameplugin2.ServiceProxy$P02 -> com.z2lt7.iir3smvyjak.q8qjf6y.eiywe2.p76eq1su11$P02:
com.excelliance.kxqp.platform.proxy.gameplugin2.ServiceProxy$P03 -> com.z2lt7.iir3smvyjak.q8qjf6y.eiywe2.p76eq1su11$P03:
com.excelliance.kxqp.platform.proxy.gameplugin2.ServiceProxy$P04 -> com.z2lt7.iir3smvyjak.q8qjf6y.eiywe2.p76eq1su11$P04:
com.excelliance.kxqp.platform.proxy.gameplugin2.ServiceProxy$P05 -> com.z2lt7.iir3smvyjak.q8qjf6y.eiywe2.p76eq1su11$P05:
com.excelliance.kxqp.platform.proxy.gameplugin2.ServiceProxy$P06 -> com.z2lt7.iir3smvyjak.q8qjf6y.eiywe2.p76eq1su11$P06:
com.excelliance.kxqp.platform.proxy.gameplugin2.ServiceProxy$P07 -> com.z2lt7.iir3smvyjak.q8qjf6y.eiywe2.p76eq1su11$P07:
com.excelliance.kxqp.platform.proxy.gameplugin2.ServiceProxy$P08 -> com.z2lt7.iir3smvyjak.q8qjf6y.eiywe2.p76eq1su11$P08:
com.excelliance.kxqp.platform.proxy.gameplugin2.ServiceProxy$P09 -> com.z2lt7.iir3smvyjak.q8qjf6y.eiywe2.p76eq1su11$P09:
com.excelliance.kxqp.platform.proxy.gameplugin2.ServiceProxy -> com.z2lt7.iir3smvyjak.q8qjf6y.eiywe2.p76eq1su11:
com.excelliance.kxqp.platform.proxy.gameplugin3.ServiceProxy$P00 -> com.z2lt7.iir3smvyjak.q8qjf6y.eiywe3.p76eq1su11$P00:
com.excelliance.kxqp.platform.proxy.gameplugin3.ServiceProxy$P01 -> com.z2lt7.iir3smvyjak.q8qjf6y.eiywe3.p76eq1su11$P01:
com.excelliance.kxqp.platform.proxy.gameplugin3.ServiceProxy$P02 -> com.z2lt7.iir3smvyjak.q8qjf6y.eiywe3.p76eq1su11$P02:
com.excelliance.kxqp.platform.proxy.gameplugin3.ServiceProxy$P03 -> com.z2lt7.iir3smvyjak.q8qjf6y.eiywe3.p76eq1su11$P03:
com.excelliance.kxqp.platform.proxy.gameplugin3.ServiceProxy$P04 -> com.z2lt7.iir3smvyjak.q8qjf6y.eiywe3.p76eq1su11$P04:
com.excelliance.kxqp.platform.proxy.gameplugin3.ServiceProxy$P05 -> com.z2lt7.iir3smvyjak.q8qjf6y.eiywe3.p76eq1su11$P05:
com.excelliance.kxqp.platform.proxy.gameplugin3.ServiceProxy$P06 -> com.z2lt7.iir3smvyjak.q8qjf6y.eiywe3.p76eq1su11$P06:
com.excelliance.kxqp.platform.proxy.gameplugin3.ServiceProxy$P07 -> com.z2lt7.iir3smvyjak.q8qjf6y.eiywe3.p76eq1su11$P07:
com.excelliance.kxqp.platform.proxy.gameplugin3.ServiceProxy$P08 -> com.z2lt7.iir3smvyjak.q8qjf6y.eiywe3.p76eq1su11$P08:
com.excelliance.kxqp.platform.proxy.gameplugin3.ServiceProxy$P09 -> com.z2lt7.iir3smvyjak.q8qjf6y.eiywe3.p76eq1su11$P09:
com.excelliance.kxqp.platform.proxy.gameplugin3.ServiceProxy -> com.z2lt7.iir3smvyjak.q8qjf6y.eiywe3.p76eq1su11:
com.excelliance.kxqp.platform.proxy.gameplugin4.ServiceProxy$P00 -> com.z2lt7.iir3smvyjak.q8qjf6y.eiywe4.p76eq1su11$P00:
com.excelliance.kxqp.platform.proxy.gameplugin4.ServiceProxy$P01 -> com.z2lt7.iir3smvyjak.q8qjf6y.eiywe4.p76eq1su11$P01:
com.excelliance.kxqp.platform.proxy.gameplugin4.ServiceProxy$P02 -> com.z2lt7.iir3smvyjak.q8qjf6y.eiywe4.p76eq1su11$P02:
com.excelliance.kxqp.platform.proxy.gameplugin4.ServiceProxy$P03 -> com.z2lt7.iir3smvyjak.q8qjf6y.eiywe4.p76eq1su11$P03:
com.excelliance.kxqp.platform.proxy.gameplugin4.ServiceProxy$P04 -> com.z2lt7.iir3smvyjak.q8qjf6y.eiywe4.p76eq1su11$P04:
com.excelliance.kxqp.platform.proxy.gameplugin4.ServiceProxy$P05 -> com.z2lt7.iir3smvyjak.q8qjf6y.eiywe4.p76eq1su11$P05:
com.excelliance.kxqp.platform.proxy.gameplugin4.ServiceProxy$P06 -> com.z2lt7.iir3smvyjak.q8qjf6y.eiywe4.p76eq1su11$P06:
com.excelliance.kxqp.platform.proxy.gameplugin4.ServiceProxy$P07 -> com.z2lt7.iir3smvyjak.q8qjf6y.eiywe4.p76eq1su11$P07:
com.excelliance.kxqp.platform.proxy.gameplugin4.ServiceProxy$P08 -> com.z2lt7.iir3smvyjak.q8qjf6y.eiywe4.p76eq1su11$P08:
com.excelliance.kxqp.platform.proxy.gameplugin4.ServiceProxy$P09 -> com.z2lt7.iir3smvyjak.q8qjf6y.eiywe4.p76eq1su11$P09:
com.excelliance.kxqp.platform.proxy.gameplugin4.ServiceProxy -> com.z2lt7.iir3smvyjak.q8qjf6y.eiywe4.p76eq1su11:
com.excelliance.kxqp.platform.proxy.gameplugin5.ServiceProxy$P00 -> com.z2lt7.iir3smvyjak.q8qjf6y.eiywe5.p76eq1su11$P00:
com.excelliance.kxqp.platform.proxy.gameplugin5.ServiceProxy$P01 -> com.z2lt7.iir3smvyjak.q8qjf6y.eiywe5.p76eq1su11$P01:
com.excelliance.kxqp.platform.proxy.gameplugin5.ServiceProxy$P02 -> com.z2lt7.iir3smvyjak.q8qjf6y.eiywe5.p76eq1su11$P02:
com.excelliance.kxqp.platform.proxy.gameplugin5.ServiceProxy$P03 -> com.z2lt7.iir3smvyjak.q8qjf6y.eiywe5.p76eq1su11$P03:
com.excelliance.kxqp.platform.proxy.gameplugin5.ServiceProxy$P04 -> com.z2lt7.iir3smvyjak.q8qjf6y.eiywe5.p76eq1su11$P04:
com.excelliance.kxqp.platform.proxy.gameplugin5.ServiceProxy$P05 -> com.z2lt7.iir3smvyjak.q8qjf6y.eiywe5.p76eq1su11$P05:
com.excelliance.kxqp.platform.proxy.gameplugin5.ServiceProxy$P06 -> com.z2lt7.iir3smvyjak.q8qjf6y.eiywe5.p76eq1su11$P06:
com.excelliance.kxqp.platform.proxy.gameplugin5.ServiceProxy$P07 -> com.z2lt7.iir3smvyjak.q8qjf6y.eiywe5.p76eq1su11$P07:
com.excelliance.kxqp.platform.proxy.gameplugin5.ServiceProxy$P08 -> com.z2lt7.iir3smvyjak.q8qjf6y.eiywe5.p76eq1su11$P08:
com.excelliance.kxqp.platform.proxy.gameplugin5.ServiceProxy$P09 -> com.z2lt7.iir3smvyjak.q8qjf6y.eiywe5.p76eq1su11$P09:
com.excelliance.kxqp.platform.proxy.gameplugin5.ServiceProxy -> com.z2lt7.iir3smvyjak.q8qjf6y.eiywe5.p76eq1su11:
com.excelliance.kxqp.platform.proxy.gameplugin6.ServiceProxy$P00 -> com.z2lt7.iir3smvyjak.q8qjf6y.eiywe6.p76eq1su11$P00:
com.excelliance.kxqp.platform.proxy.gameplugin6.ServiceProxy$P01 -> com.z2lt7.iir3smvyjak.q8qjf6y.eiywe6.p76eq1su11$P01:
com.excelliance.kxqp.platform.proxy.gameplugin6.ServiceProxy$P02 -> com.z2lt7.iir3smvyjak.q8qjf6y.eiywe6.p76eq1su11$P02:
com.excelliance.kxqp.platform.proxy.gameplugin6.ServiceProxy$P03 -> com.z2lt7.iir3smvyjak.q8qjf6y.eiywe6.p76eq1su11$P03:
com.excelliance.kxqp.platform.proxy.gameplugin6.ServiceProxy$P04 -> com.z2lt7.iir3smvyjak.q8qjf6y.eiywe6.p76eq1su11$P04:
com.excelliance.kxqp.platform.proxy.gameplugin6.ServiceProxy$P05 -> com.z2lt7.iir3smvyjak.q8qjf6y.eiywe6.p76eq1su11$P05:
com.excelliance.kxqp.platform.proxy.gameplugin6.ServiceProxy$P06 -> com.z2lt7.iir3smvyjak.q8qjf6y.eiywe6.p76eq1su11$P06:
com.excelliance.kxqp.platform.proxy.gameplugin6.ServiceProxy$P07 -> com.z2lt7.iir3smvyjak.q8qjf6y.eiywe6.p76eq1su11$P07:
com.excelliance.kxqp.platform.proxy.gameplugin6.ServiceProxy$P08 -> com.z2lt7.iir3smvyjak.q8qjf6y.eiywe6.p76eq1su11$P08:
com.excelliance.kxqp.platform.proxy.gameplugin6.ServiceProxy$P09 -> com.z2lt7.iir3smvyjak.q8qjf6y.eiywe6.p76eq1su11$P09:
com.excelliance.kxqp.platform.proxy.gameplugin6.ServiceProxy -> com.z2lt7.iir3smvyjak.q8qjf6y.eiywe6.p76eq1su11:
com.excelliance.kxqp.platform.proxy.gameplugin7.ServiceProxy$P00 -> com.z2lt7.iir3smvyjak.q8qjf6y.eiywe7.p76eq1su11$P00:
com.excelliance.kxqp.platform.proxy.gameplugin7.ServiceProxy$P01 -> com.z2lt7.iir3smvyjak.q8qjf6y.eiywe7.p76eq1su11$P01:
com.excelliance.kxqp.platform.proxy.gameplugin7.ServiceProxy$P02 -> com.z2lt7.iir3smvyjak.q8qjf6y.eiywe7.p76eq1su11$P02:
com.excelliance.kxqp.platform.proxy.gameplugin7.ServiceProxy$P03 -> com.z2lt7.iir3smvyjak.q8qjf6y.eiywe7.p76eq1su11$P03:
com.excelliance.kxqp.platform.proxy.gameplugin7.ServiceProxy$P04 -> com.z2lt7.iir3smvyjak.q8qjf6y.eiywe7.p76eq1su11$P04:
com.excelliance.kxqp.platform.proxy.gameplugin7.ServiceProxy$P05 -> com.z2lt7.iir3smvyjak.q8qjf6y.eiywe7.p76eq1su11$P05:
com.excelliance.kxqp.platform.proxy.gameplugin7.ServiceProxy$P06 -> com.z2lt7.iir3smvyjak.q8qjf6y.eiywe7.p76eq1su11$P06:
com.excelliance.kxqp.platform.proxy.gameplugin7.ServiceProxy$P07 -> com.z2lt7.iir3smvyjak.q8qjf6y.eiywe7.p76eq1su11$P07:
com.excelliance.kxqp.platform.proxy.gameplugin7.ServiceProxy$P08 -> com.z2lt7.iir3smvyjak.q8qjf6y.eiywe7.p76eq1su11$P08:
com.excelliance.kxqp.platform.proxy.gameplugin7.ServiceProxy$P09 -> com.z2lt7.iir3smvyjak.q8qjf6y.eiywe7.p76eq1su11$P09:
com.excelliance.kxqp.platform.proxy.gameplugin7.ServiceProxy -> com.z2lt7.iir3smvyjak.q8qjf6y.eiywe7.p76eq1su11:
com.excelliance.kxqp.platform.proxy.gameplugin8.ServiceProxy$P00 -> com.z2lt7.iir3smvyjak.q8qjf6y.eiywe8.p76eq1su11$P00:
com.excelliance.kxqp.platform.proxy.gameplugin8.ServiceProxy$P01 -> com.z2lt7.iir3smvyjak.q8qjf6y.eiywe8.p76eq1su11$P01:
com.excelliance.kxqp.platform.proxy.gameplugin8.ServiceProxy$P02 -> com.z2lt7.iir3smvyjak.q8qjf6y.eiywe8.p76eq1su11$P02:
com.excelliance.kxqp.platform.proxy.gameplugin8.ServiceProxy$P03 -> com.z2lt7.iir3smvyjak.q8qjf6y.eiywe8.p76eq1su11$P03:
com.excelliance.kxqp.platform.proxy.gameplugin8.ServiceProxy$P04 -> com.z2lt7.iir3smvyjak.q8qjf6y.eiywe8.p76eq1su11$P04:
com.excelliance.kxqp.platform.proxy.gameplugin8.ServiceProxy$P05 -> com.z2lt7.iir3smvyjak.q8qjf6y.eiywe8.p76eq1su11$P05:
com.excelliance.kxqp.platform.proxy.gameplugin8.ServiceProxy$P06 -> com.z2lt7.iir3smvyjak.q8qjf6y.eiywe8.p76eq1su11$P06:
com.excelliance.kxqp.platform.proxy.gameplugin8.ServiceProxy$P07 -> com.z2lt7.iir3smvyjak.q8qjf6y.eiywe8.p76eq1su11$P07:
com.excelliance.kxqp.platform.proxy.gameplugin8.ServiceProxy$P08 -> com.z2lt7.iir3smvyjak.q8qjf6y.eiywe8.p76eq1su11$P08:
com.excelliance.kxqp.platform.proxy.gameplugin8.ServiceProxy$P09 -> com.z2lt7.iir3smvyjak.q8qjf6y.eiywe8.p76eq1su11$P09:
com.excelliance.kxqp.platform.proxy.gameplugin8.ServiceProxy -> com.z2lt7.iir3smvyjak.q8qjf6y.eiywe8.p76eq1su11:
com.excelliance.kxqp.platform.proxy.gameplugin9.ServiceProxy$P00 -> com.z2lt7.iir3smvyjak.q8qjf6y.eiywe9.p76eq1su11$P00:
com.excelliance.kxqp.platform.proxy.gameplugin9.ServiceProxy$P01 -> com.z2lt7.iir3smvyjak.q8qjf6y.eiywe9.p76eq1su11$P01:
com.excelliance.kxqp.platform.proxy.gameplugin9.ServiceProxy$P02 -> com.z2lt7.iir3smvyjak.q8qjf6y.eiywe9.p76eq1su11$P02:
com.excelliance.kxqp.platform.proxy.gameplugin9.ServiceProxy$P03 -> com.z2lt7.iir3smvyjak.q8qjf6y.eiywe9.p76eq1su11$P03:
com.excelliance.kxqp.platform.proxy.gameplugin9.ServiceProxy$P04 -> com.z2lt7.iir3smvyjak.q8qjf6y.eiywe9.p76eq1su11$P04:
com.excelliance.kxqp.platform.proxy.gameplugin9.ServiceProxy$P05 -> com.z2lt7.iir3smvyjak.q8qjf6y.eiywe9.p76eq1su11$P05:
com.excelliance.kxqp.platform.proxy.gameplugin9.ServiceProxy$P06 -> com.z2lt7.iir3smvyjak.q8qjf6y.eiywe9.p76eq1su11$P06:
com.excelliance.kxqp.platform.proxy.gameplugin9.ServiceProxy$P07 -> com.z2lt7.iir3smvyjak.q8qjf6y.eiywe9.p76eq1su11$P07:
com.excelliance.kxqp.platform.proxy.gameplugin9.ServiceProxy$P08 -> com.z2lt7.iir3smvyjak.q8qjf6y.eiywe9.p76eq1su11$P08:
com.excelliance.kxqp.platform.proxy.gameplugin9.ServiceProxy$P09 -> com.z2lt7.iir3smvyjak.q8qjf6y.eiywe9.p76eq1su11$P09:
com.excelliance.kxqp.platform.proxy.gameplugin9.ServiceProxy -> com.z2lt7.iir3smvyjak.q8qjf6y.eiywe9.p76eq1su11:
com.excelliance.kxqp.platform.proxy.gameplugin.ReceiverProxy$P00 -> com.z2lt7.iir3smvyjak.q8qjf6y.eiywe.kv0wmc$P00:
com.excelliance.kxqp.platform.proxy.gameplugin.ReceiverProxy$P01 -> com.z2lt7.iir3smvyjak.q8qjf6y.eiywe.kv0wmc$P01:
com.excelliance.kxqp.platform.proxy.gameplugin.ReceiverProxy$P02 -> com.z2lt7.iir3smvyjak.q8qjf6y.eiywe.kv0wmc$P02:
com.excelliance.kxqp.platform.proxy.gameplugin.ReceiverProxy$P03 -> com.z2lt7.iir3smvyjak.q8qjf6y.eiywe.kv0wmc$P03:
com.excelliance.kxqp.platform.proxy.gameplugin.ReceiverProxy$P04 -> com.z2lt7.iir3smvyjak.q8qjf6y.eiywe.kv0wmc$P04:
com.excelliance.kxqp.platform.proxy.gameplugin.ReceiverProxy$P05 -> com.z2lt7.iir3smvyjak.q8qjf6y.eiywe.kv0wmc$P05:
com.excelliance.kxqp.platform.proxy.gameplugin.ReceiverProxy$P06 -> com.z2lt7.iir3smvyjak.q8qjf6y.eiywe.kv0wmc$P06:
com.excelliance.kxqp.platform.proxy.gameplugin.ReceiverProxy$P07 -> com.z2lt7.iir3smvyjak.q8qjf6y.eiywe.kv0wmc$P07:
com.excelliance.kxqp.platform.proxy.gameplugin.ReceiverProxy$P08 -> com.z2lt7.iir3smvyjak.q8qjf6y.eiywe.kv0wmc$P08:
com.excelliance.kxqp.platform.proxy.gameplugin.ReceiverProxy$P09 -> com.z2lt7.iir3smvyjak.q8qjf6y.eiywe.kv0wmc$P09:
com.excelliance.kxqp.platform.proxy.gameplugin.ReceiverProxy -> com.z2lt7.iir3smvyjak.q8qjf6y.eiywe.kv0wmc:
com.excelliance.kxqp.platform.proxy.gameplugin1.ReceiverProxy$P00 -> com.z2lt7.iir3smvyjak.q8qjf6y.eiywe1.kv0wmc$P00:
com.excelliance.kxqp.platform.proxy.gameplugin1.ReceiverProxy$P01 -> com.z2lt7.iir3smvyjak.q8qjf6y.eiywe1.kv0wmc$P01:
com.excelliance.kxqp.platform.proxy.gameplugin1.ReceiverProxy$P02 -> com.z2lt7.iir3smvyjak.q8qjf6y.eiywe1.kv0wmc$P02:
com.excelliance.kxqp.platform.proxy.gameplugin1.ReceiverProxy$P03 -> com.z2lt7.iir3smvyjak.q8qjf6y.eiywe1.kv0wmc$P03:
com.excelliance.kxqp.platform.proxy.gameplugin1.ReceiverProxy$P04 -> com.z2lt7.iir3smvyjak.q8qjf6y.eiywe1.kv0wmc$P04:
com.excelliance.kxqp.platform.proxy.gameplugin1.ReceiverProxy$P05 -> com.z2lt7.iir3smvyjak.q8qjf6y.eiywe1.kv0wmc$P05:
com.excelliance.kxqp.platform.proxy.gameplugin1.ReceiverProxy$P06 -> com.z2lt7.iir3smvyjak.q8qjf6y.eiywe1.kv0wmc$P06:
com.excelliance.kxqp.platform.proxy.gameplugin1.ReceiverProxy$P07 -> com.z2lt7.iir3smvyjak.q8qjf6y.eiywe1.kv0wmc$P07:
com.excelliance.kxqp.platform.proxy.gameplugin1.ReceiverProxy$P08 -> com.z2lt7.iir3smvyjak.q8qjf6y.eiywe1.kv0wmc$P08:
com.excelliance.kxqp.platform.proxy.gameplugin1.ReceiverProxy$P09 -> com.z2lt7.iir3smvyjak.q8qjf6y.eiywe1.kv0wmc$P09:
com.excelliance.kxqp.platform.proxy.gameplugin1.ReceiverProxy -> com.z2lt7.iir3smvyjak.q8qjf6y.eiywe1.kv0wmc:
com.excelliance.kxqp.platform.proxy.gameplugin2.ReceiverProxy$P00 -> com.z2lt7.iir3smvyjak.q8qjf6y.eiywe2.kv0wmc$P00:
com.excelliance.kxqp.platform.proxy.gameplugin2.ReceiverProxy$P01 -> com.z2lt7.iir3smvyjak.q8qjf6y.eiywe2.kv0wmc$P01:
com.excelliance.kxqp.platform.proxy.gameplugin2.ReceiverProxy$P02 -> com.z2lt7.iir3smvyjak.q8qjf6y.eiywe2.kv0wmc$P02:
com.excelliance.kxqp.platform.proxy.gameplugin2.ReceiverProxy$P03 -> com.z2lt7.iir3smvyjak.q8qjf6y.eiywe2.kv0wmc$P03:
com.excelliance.kxqp.platform.proxy.gameplugin2.ReceiverProxy$P04 -> com.z2lt7.iir3smvyjak.q8qjf6y.eiywe2.kv0wmc$P04:
com.excelliance.kxqp.platform.proxy.gameplugin2.ReceiverProxy$P05 -> com.z2lt7.iir3smvyjak.q8qjf6y.eiywe2.kv0wmc$P05:
com.excelliance.kxqp.platform.proxy.gameplugin2.ReceiverProxy$P06 -> com.z2lt7.iir3smvyjak.q8qjf6y.eiywe2.kv0wmc$P06:
com.excelliance.kxqp.platform.proxy.gameplugin2.ReceiverProxy$P07 -> com.z2lt7.iir3smvyjak.q8qjf6y.eiywe2.kv0wmc$P07:
com.excelliance.kxqp.platform.proxy.gameplugin2.ReceiverProxy$P08 -> com.z2lt7.iir3smvyjak.q8qjf6y.eiywe2.kv0wmc$P08:
com.excelliance.kxqp.platform.proxy.gameplugin2.ReceiverProxy$P09 -> com.z2lt7.iir3smvyjak.q8qjf6y.eiywe2.kv0wmc$P09:
com.excelliance.kxqp.platform.proxy.gameplugin2.ReceiverProxy -> com.z2lt7.iir3smvyjak.q8qjf6y.eiywe2.kv0wmc:
com.excelliance.kxqp.platform.proxy.gameplugin3.ReceiverProxy$P00 -> com.z2lt7.iir3smvyjak.q8qjf6y.eiywe3.kv0wmc$P00:
com.excelliance.kxqp.platform.proxy.gameplugin3.ReceiverProxy$P01 -> com.z2lt7.iir3smvyjak.q8qjf6y.eiywe3.kv0wmc$P01:
com.excelliance.kxqp.platform.proxy.gameplugin3.ReceiverProxy$P02 -> com.z2lt7.iir3smvyjak.q8qjf6y.eiywe3.kv0wmc$P02:
com.excelliance.kxqp.platform.proxy.gameplugin3.ReceiverProxy$P03 -> com.z2lt7.iir3smvyjak.q8qjf6y.eiywe3.kv0wmc$P03:
com.excelliance.kxqp.platform.proxy.gameplugin3.ReceiverProxy$P04 -> com.z2lt7.iir3smvyjak.q8qjf6y.eiywe3.kv0wmc$P04:
com.excelliance.kxqp.platform.proxy.gameplugin3.ReceiverProxy$P05 -> com.z2lt7.iir3smvyjak.q8qjf6y.eiywe3.kv0wmc$P05:
com.excelliance.kxqp.platform.proxy.gameplugin3.ReceiverProxy$P06 -> com.z2lt7.iir3smvyjak.q8qjf6y.eiywe3.kv0wmc$P06:
com.excelliance.kxqp.platform.proxy.gameplugin3.ReceiverProxy$P07 -> com.z2lt7.iir3smvyjak.q8qjf6y.eiywe3.kv0wmc$P07:
com.excelliance.kxqp.platform.proxy.gameplugin3.ReceiverProxy$P08 -> com.z2lt7.iir3smvyjak.q8qjf6y.eiywe3.kv0wmc$P08:
com.excelliance.kxqp.platform.proxy.gameplugin3.ReceiverProxy$P09 -> com.z2lt7.iir3smvyjak.q8qjf6y.eiywe3.kv0wmc$P09:
com.excelliance.kxqp.platform.proxy.gameplugin3.ReceiverProxy -> com.z2lt7.iir3smvyjak.q8qjf6y.eiywe3.kv0wmc:
com.excelliance.kxqp.platform.proxy.gameplugin4.ReceiverProxy$P00 -> com.z2lt7.iir3smvyjak.q8qjf6y.eiywe4.kv0wmc$P00:
com.excelliance.kxqp.platform.proxy.gameplugin4.ReceiverProxy$P01 -> com.z2lt7.iir3smvyjak.q8qjf6y.eiywe4.kv0wmc$P01:
com.excelliance.kxqp.platform.proxy.gameplugin4.ReceiverProxy$P02 -> com.z2lt7.iir3smvyjak.q8qjf6y.eiywe4.kv0wmc$P02:
com.excelliance.kxqp.platform.proxy.gameplugin4.ReceiverProxy$P03 -> com.z2lt7.iir3smvyjak.q8qjf6y.eiywe4.kv0wmc$P03:
com.excelliance.kxqp.platform.proxy.gameplugin4.ReceiverProxy$P04 -> com.z2lt7.iir3smvyjak.q8qjf6y.eiywe4.kv0wmc$P04:
com.excelliance.kxqp.platform.proxy.gameplugin4.ReceiverProxy$P05 -> com.z2lt7.iir3smvyjak.q8qjf6y.eiywe4.kv0wmc$P05:
com.excelliance.kxqp.platform.proxy.gameplugin4.ReceiverProxy$P06 -> com.z2lt7.iir3smvyjak.q8qjf6y.eiywe4.kv0wmc$P06:
com.excelliance.kxqp.platform.proxy.gameplugin4.ReceiverProxy$P07 -> com.z2lt7.iir3smvyjak.q8qjf6y.eiywe4.kv0wmc$P07:
com.excelliance.kxqp.platform.proxy.gameplugin4.ReceiverProxy$P08 -> com.z2lt7.iir3smvyjak.q8qjf6y.eiywe4.kv0wmc$P08:
com.excelliance.kxqp.platform.proxy.gameplugin4.ReceiverProxy$P09 -> com.z2lt7.iir3smvyjak.q8qjf6y.eiywe4.kv0wmc$P09:
com.excelliance.kxqp.platform.proxy.gameplugin4.ReceiverProxy -> com.z2lt7.iir3smvyjak.q8qjf6y.eiywe4.kv0wmc:
com.excelliance.kxqp.platform.proxy.gameplugin5.ReceiverProxy$P00 -> com.z2lt7.iir3smvyjak.q8qjf6y.eiywe5.kv0wmc$P00:
com.excelliance.kxqp.platform.proxy.gameplugin5.ReceiverProxy$P01 -> com.z2lt7.iir3smvyjak.q8qjf6y.eiywe5.kv0wmc$P01:
com.excelliance.kxqp.platform.proxy.gameplugin5.ReceiverProxy$P02 -> com.z2lt7.iir3smvyjak.q8qjf6y.eiywe5.kv0wmc$P02:
com.excelliance.kxqp.platform.proxy.gameplugin5.ReceiverProxy$P03 -> com.z2lt7.iir3smvyjak.q8qjf6y.eiywe5.kv0wmc$P03:
com.excelliance.kxqp.platform.proxy.gameplugin5.ReceiverProxy$P04 -> com.z2lt7.iir3smvyjak.q8qjf6y.eiywe5.kv0wmc$P04:
com.excelliance.kxqp.platform.proxy.gameplugin5.ReceiverProxy$P05 -> com.z2lt7.iir3smvyjak.q8qjf6y.eiywe5.kv0wmc$P05:
com.excelliance.kxqp.platform.proxy.gameplugin5.ReceiverProxy$P06 -> com.z2lt7.iir3smvyjak.q8qjf6y.eiywe5.kv0wmc$P06:
com.excelliance.kxqp.platform.proxy.gameplugin5.ReceiverProxy$P07 -> com.z2lt7.iir3smvyjak.q8qjf6y.eiywe5.kv0wmc$P07:
com.excelliance.kxqp.platform.proxy.gameplugin5.ReceiverProxy$P08 -> com.z2lt7.iir3smvyjak.q8qjf6y.eiywe5.kv0wmc$P08:
com.excelliance.kxqp.platform.proxy.gameplugin5.ReceiverProxy$P09 -> com.z2lt7.iir3smvyjak.q8qjf6y.eiywe5.kv0wmc$P09:
com.excelliance.kxqp.platform.proxy.gameplugin5.ReceiverProxy -> com.z2lt7.iir3smvyjak.q8qjf6y.eiywe5.kv0wmc:
com.excelliance.kxqp.platform.proxy.gameplugin6.ReceiverProxy$P00 -> com.z2lt7.iir3smvyjak.q8qjf6y.eiywe6.kv0wmc$P00:
com.excelliance.kxqp.platform.proxy.gameplugin6.ReceiverProxy$P01 -> com.z2lt7.iir3smvyjak.q8qjf6y.eiywe6.kv0wmc$P01:
com.excelliance.kxqp.platform.proxy.gameplugin6.ReceiverProxy$P02 -> com.z2lt7.iir3smvyjak.q8qjf6y.eiywe6.kv0wmc$P02:
com.excelliance.kxqp.platform.proxy.gameplugin6.ReceiverProxy$P03 -> com.z2lt7.iir3smvyjak.q8qjf6y.eiywe6.kv0wmc$P03:
com.excelliance.kxqp.platform.proxy.gameplugin6.ReceiverProxy$P04 -> com.z2lt7.iir3smvyjak.q8qjf6y.eiywe6.kv0wmc$P04:
com.excelliance.kxqp.platform.proxy.gameplugin6.ReceiverProxy$P05 -> com.z2lt7.iir3smvyjak.q8qjf6y.eiywe6.kv0wmc$P05:
com.excelliance.kxqp.platform.proxy.gameplugin6.ReceiverProxy$P06 -> com.z2lt7.iir3smvyjak.q8qjf6y.eiywe6.kv0wmc$P06:
com.excelliance.kxqp.platform.proxy.gameplugin6.ReceiverProxy$P07 -> com.z2lt7.iir3smvyjak.q8qjf6y.eiywe6.kv0wmc$P07:
com.excelliance.kxqp.platform.proxy.gameplugin6.ReceiverProxy$P08 -> com.z2lt7.iir3smvyjak.q8qjf6y.eiywe6.kv0wmc$P08:
com.excelliance.kxqp.platform.proxy.gameplugin6.ReceiverProxy$P09 -> com.z2lt7.iir3smvyjak.q8qjf6y.eiywe6.kv0wmc$P09:
com.excelliance.kxqp.platform.proxy.gameplugin6.ReceiverProxy -> com.z2lt7.iir3smvyjak.q8qjf6y.eiywe6.kv0wmc:
com.excelliance.kxqp.platform.proxy.gameplugin7.ReceiverProxy$P00 -> com.z2lt7.iir3smvyjak.q8qjf6y.eiywe7.kv0wmc$P00:
com.excelliance.kxqp.platform.proxy.gameplugin7.ReceiverProxy$P01 -> com.z2lt7.iir3smvyjak.q8qjf6y.eiywe7.kv0wmc$P01:
com.excelliance.kxqp.platform.proxy.gameplugin7.ReceiverProxy$P02 -> com.z2lt7.iir3smvyjak.q8qjf6y.eiywe7.kv0wmc$P02:
com.excelliance.kxqp.platform.proxy.gameplugin7.ReceiverProxy$P03 -> com.z2lt7.iir3smvyjak.q8qjf6y.eiywe7.kv0wmc$P03:
com.excelliance.kxqp.platform.proxy.gameplugin7.ReceiverProxy$P04 -> com.z2lt7.iir3smvyjak.q8qjf6y.eiywe7.kv0wmc$P04:
com.excelliance.kxqp.platform.proxy.gameplugin7.ReceiverProxy$P05 -> com.z2lt7.iir3smvyjak.q8qjf6y.eiywe7.kv0wmc$P05:
com.excelliance.kxqp.platform.proxy.gameplugin7.ReceiverProxy$P06 -> com.z2lt7.iir3smvyjak.q8qjf6y.eiywe7.kv0wmc$P06:
com.excelliance.kxqp.platform.proxy.gameplugin7.ReceiverProxy$P07 -> com.z2lt7.iir3smvyjak.q8qjf6y.eiywe7.kv0wmc$P07:
com.excelliance.kxqp.platform.proxy.gameplugin7.ReceiverProxy$P08 -> com.z2lt7.iir3smvyjak.q8qjf6y.eiywe7.kv0wmc$P08:
com.excelliance.kxqp.platform.proxy.gameplugin7.ReceiverProxy$P09 -> com.z2lt7.iir3smvyjak.q8qjf6y.eiywe7.kv0wmc$P09:
com.excelliance.kxqp.platform.proxy.gameplugin7.ReceiverProxy -> com.z2lt7.iir3smvyjak.q8qjf6y.eiywe7.kv0wmc:
com.excelliance.kxqp.platform.proxy.gameplugin8.ReceiverProxy$P00 -> com.z2lt7.iir3smvyjak.q8qjf6y.eiywe8.kv0wmc$P00:
com.excelliance.kxqp.platform.proxy.gameplugin8.ReceiverProxy$P01 -> com.z2lt7.iir3smvyjak.q8qjf6y.eiywe8.kv0wmc$P01:
com.excelliance.kxqp.platform.proxy.gameplugin8.ReceiverProxy$P02 -> com.z2lt7.iir3smvyjak.q8qjf6y.eiywe8.kv0wmc$P02:
com.excelliance.kxqp.platform.proxy.gameplugin8.ReceiverProxy$P03 -> com.z2lt7.iir3smvyjak.q8qjf6y.eiywe8.kv0wmc$P03:
com.excelliance.kxqp.platform.proxy.gameplugin8.ReceiverProxy$P04 -> com.z2lt7.iir3smvyjak.q8qjf6y.eiywe8.kv0wmc$P04:
com.excelliance.kxqp.platform.proxy.gameplugin8.ReceiverProxy$P05 -> com.z2lt7.iir3smvyjak.q8qjf6y.eiywe8.kv0wmc$P05:
com.excelliance.kxqp.platform.proxy.gameplugin8.ReceiverProxy$P06 -> com.z2lt7.iir3smvyjak.q8qjf6y.eiywe8.kv0wmc$P06:
com.excelliance.kxqp.platform.proxy.gameplugin8.ReceiverProxy$P07 -> com.z2lt7.iir3smvyjak.q8qjf6y.eiywe8.kv0wmc$P07:
com.excelliance.kxqp.platform.proxy.gameplugin8.ReceiverProxy$P08 -> com.z2lt7.iir3smvyjak.q8qjf6y.eiywe8.kv0wmc$P08:
com.excelliance.kxqp.platform.proxy.gameplugin8.ReceiverProxy$P09 -> com.z2lt7.iir3smvyjak.q8qjf6y.eiywe8.kv0wmc$P09:
com.excelliance.kxqp.platform.proxy.gameplugin8.ReceiverProxy -> com.z2lt7.iir3smvyjak.q8qjf6y.eiywe8.kv0wmc:
com.excelliance.kxqp.platform.proxy.gameplugin9.ReceiverProxy$P00 -> com.z2lt7.iir3smvyjak.q8qjf6y.eiywe9.kv0wmc$P00:
com.excelliance.kxqp.platform.proxy.gameplugin9.ReceiverProxy$P01 -> com.z2lt7.iir3smvyjak.q8qjf6y.eiywe9.kv0wmc$P01:
com.excelliance.kxqp.platform.proxy.gameplugin9.ReceiverProxy$P02 -> com.z2lt7.iir3smvyjak.q8qjf6y.eiywe9.kv0wmc$P02:
com.excelliance.kxqp.platform.proxy.gameplugin9.ReceiverProxy$P03 -> com.z2lt7.iir3smvyjak.q8qjf6y.eiywe9.kv0wmc$P03:
com.excelliance.kxqp.platform.proxy.gameplugin9.ReceiverProxy$P04 -> com.z2lt7.iir3smvyjak.q8qjf6y.eiywe9.kv0wmc$P04:
com.excelliance.kxqp.platform.proxy.gameplugin9.ReceiverProxy$P05 -> com.z2lt7.iir3smvyjak.q8qjf6y.eiywe9.kv0wmc$P05:
com.excelliance.kxqp.platform.proxy.gameplugin9.ReceiverProxy$P06 -> com.z2lt7.iir3smvyjak.q8qjf6y.eiywe9.kv0wmc$P06:
com.excelliance.kxqp.platform.proxy.gameplugin9.ReceiverProxy$P07 -> com.z2lt7.iir3smvyjak.q8qjf6y.eiywe9.kv0wmc$P07:
com.excelliance.kxqp.platform.proxy.gameplugin9.ReceiverProxy$P08 -> com.z2lt7.iir3smvyjak.q8qjf6y.eiywe9.kv0wmc$P08:
com.excelliance.kxqp.platform.proxy.gameplugin9.ReceiverProxy$P09 -> com.z2lt7.iir3smvyjak.q8qjf6y.eiywe9.kv0wmc$P09:
com.excelliance.kxqp.platform.proxy.gameplugin9.ReceiverProxy -> com.z2lt7.iir3smvyjak.q8qjf6y.eiywe9.kv0wmc:
com.excelliance.kxqp.platform.proxy.gameplugin.ContentProviderProxy$P00 -> com.z2lt7.iir3smvyjak.q8qjf6y.eiywe.vzyfudy$P00:
com.excelliance.kxqp.platform.proxy.gameplugin.ContentProviderProxy$P01 -> com.z2lt7.iir3smvyjak.q8qjf6y.eiywe.vzyfudy$P01:
com.excelliance.kxqp.platform.proxy.gameplugin.ContentProviderProxy$P02 -> com.z2lt7.iir3smvyjak.q8qjf6y.eiywe.vzyfudy$P02:
com.excelliance.kxqp.platform.proxy.gameplugin.ContentProviderProxy$P03 -> com.z2lt7.iir3smvyjak.q8qjf6y.eiywe.vzyfudy$P03:
com.excelliance.kxqp.platform.proxy.gameplugin.ContentProviderProxy$P04 -> com.z2lt7.iir3smvyjak.q8qjf6y.eiywe.vzyfudy$P04:
com.excelliance.kxqp.platform.proxy.gameplugin.ContentProviderProxy$P05 -> com.z2lt7.iir3smvyjak.q8qjf6y.eiywe.vzyfudy$P05:
com.excelliance.kxqp.platform.proxy.gameplugin.ContentProviderProxy$P06 -> com.z2lt7.iir3smvyjak.q8qjf6y.eiywe.vzyfudy$P06:
com.excelliance.kxqp.platform.proxy.gameplugin.ContentProviderProxy$P07 -> com.z2lt7.iir3smvyjak.q8qjf6y.eiywe.vzyfudy$P07:
com.excelliance.kxqp.platform.proxy.gameplugin.ContentProviderProxy$P08 -> com.z2lt7.iir3smvyjak.q8qjf6y.eiywe.vzyfudy$P08:
com.excelliance.kxqp.platform.proxy.gameplugin.ContentProviderProxy$P09 -> com.z2lt7.iir3smvyjak.q8qjf6y.eiywe.vzyfudy$P09:
com.excelliance.kxqp.platform.proxy.gameplugin.ContentProviderProxy -> com.z2lt7.iir3smvyjak.q8qjf6y.eiywe.vzyfudy:
com.excelliance.kxqp.platform.proxy.gameplugin1.ContentProviderProxy$P00 -> com.z2lt7.iir3smvyjak.q8qjf6y.eiywe1.vzyfudy$P00:
com.excelliance.kxqp.platform.proxy.gameplugin1.ContentProviderProxy$P01 -> com.z2lt7.iir3smvyjak.q8qjf6y.eiywe1.vzyfudy$P01:
com.excelliance.kxqp.platform.proxy.gameplugin1.ContentProviderProxy$P02 -> com.z2lt7.iir3smvyjak.q8qjf6y.eiywe1.vzyfudy$P02:
com.excelliance.kxqp.platform.proxy.gameplugin1.ContentProviderProxy$P03 -> com.z2lt7.iir3smvyjak.q8qjf6y.eiywe1.vzyfudy$P03:
com.excelliance.kxqp.platform.proxy.gameplugin1.ContentProviderProxy$P04 -> com.z2lt7.iir3smvyjak.q8qjf6y.eiywe1.vzyfudy$P04:
com.excelliance.kxqp.platform.proxy.gameplugin1.ContentProviderProxy$P05 -> com.z2lt7.iir3smvyjak.q8qjf6y.eiywe1.vzyfudy$P05:
com.excelliance.kxqp.platform.proxy.gameplugin1.ContentProviderProxy$P06 -> com.z2lt7.iir3smvyjak.q8qjf6y.eiywe1.vzyfudy$P06:
com.excelliance.kxqp.platform.proxy.gameplugin1.ContentProviderProxy$P07 -> com.z2lt7.iir3smvyjak.q8qjf6y.eiywe1.vzyfudy$P07:
com.excelliance.kxqp.platform.proxy.gameplugin1.ContentProviderProxy$P08 -> com.z2lt7.iir3smvyjak.q8qjf6y.eiywe1.vzyfudy$P08:
com.excelliance.kxqp.platform.proxy.gameplugin1.ContentProviderProxy$P09 -> com.z2lt7.iir3smvyjak.q8qjf6y.eiywe1.vzyfudy$P09:
com.excelliance.kxqp.platform.proxy.gameplugin1.ContentProviderProxy -> com.z2lt7.iir3smvyjak.q8qjf6y.eiywe1.vzyfudy:
com.excelliance.kxqp.platform.proxy.gameplugin2.ContentProviderProxy$P00 -> com.z2lt7.iir3smvyjak.q8qjf6y.eiywe2.vzyfudy$P00:
com.excelliance.kxqp.platform.proxy.gameplugin2.ContentProviderProxy$P01 -> com.z2lt7.iir3smvyjak.q8qjf6y.eiywe2.vzyfudy$P01:
com.excelliance.kxqp.platform.proxy.gameplugin2.ContentProviderProxy$P02 -> com.z2lt7.iir3smvyjak.q8qjf6y.eiywe2.vzyfudy$P02:
com.excelliance.kxqp.platform.proxy.gameplugin2.ContentProviderProxy$P03 -> com.z2lt7.iir3smvyjak.q8qjf6y.eiywe2.vzyfudy$P03:
com.excelliance.kxqp.platform.proxy.gameplugin2.ContentProviderProxy$P04 -> com.z2lt7.iir3smvyjak.q8qjf6y.eiywe2.vzyfudy$P04:
com.excelliance.kxqp.platform.proxy.gameplugin2.ContentProviderProxy$P05 -> com.z2lt7.iir3smvyjak.q8qjf6y.eiywe2.vzyfudy$P05:
com.excelliance.kxqp.platform.proxy.gameplugin2.ContentProviderProxy$P06 -> com.z2lt7.iir3smvyjak.q8qjf6y.eiywe2.vzyfudy$P06:
com.excelliance.kxqp.platform.proxy.gameplugin2.ContentProviderProxy$P07 -> com.z2lt7.iir3smvyjak.q8qjf6y.eiywe2.vzyfudy$P07:
com.excelliance.kxqp.platform.proxy.gameplugin2.ContentProviderProxy$P08 -> com.z2lt7.iir3smvyjak.q8qjf6y.eiywe2.vzyfudy$P08:
com.excelliance.kxqp.platform.proxy.gameplugin2.ContentProviderProxy$P09 -> com.z2lt7.iir3smvyjak.q8qjf6y.eiywe2.vzyfudy$P09:
com.excelliance.kxqp.platform.proxy.gameplugin2.ContentProviderProxy -> com.z2lt7.iir3smvyjak.q8qjf6y.eiywe2.vzyfudy:
com.excelliance.kxqp.platform.proxy.gameplugin3.ContentProviderProxy$P00 -> com.z2lt7.iir3smvyjak.q8qjf6y.eiywe3.vzyfudy$P00:
com.excelliance.kxqp.platform.proxy.gameplugin3.ContentProviderProxy$P01 -> com.z2lt7.iir3smvyjak.q8qjf6y.eiywe3.vzyfudy$P01:
com.excelliance.kxqp.platform.proxy.gameplugin3.ContentProviderProxy$P02 -> com.z2lt7.iir3smvyjak.q8qjf6y.eiywe3.vzyfudy$P02:
com.excelliance.kxqp.platform.proxy.gameplugin3.ContentProviderProxy$P03 -> com.z2lt7.iir3smvyjak.q8qjf6y.eiywe3.vzyfudy$P03:
com.excelliance.kxqp.platform.proxy.gameplugin3.ContentProviderProxy$P04 -> com.z2lt7.iir3smvyjak.q8qjf6y.eiywe3.vzyfudy$P04:
com.excelliance.kxqp.platform.proxy.gameplugin3.ContentProviderProxy$P05 -> com.z2lt7.iir3smvyjak.q8qjf6y.eiywe3.vzyfudy$P05:
com.excelliance.kxqp.platform.proxy.gameplugin3.ContentProviderProxy$P06 -> com.z2lt7.iir3smvyjak.q8qjf6y.eiywe3.vzyfudy$P06:
com.excelliance.kxqp.platform.proxy.gameplugin3.ContentProviderProxy$P07 -> com.z2lt7.iir3smvyjak.q8qjf6y.eiywe3.vzyfudy$P07:
com.excelliance.kxqp.platform.proxy.gameplugin3.ContentProviderProxy$P08 -> com.z2lt7.iir3smvyjak.q8qjf6y.eiywe3.vzyfudy$P08:
com.excelliance.kxqp.platform.proxy.gameplugin3.ContentProviderProxy$P09 -> com.z2lt7.iir3smvyjak.q8qjf6y.eiywe3.vzyfudy$P09:
com.excelliance.kxqp.platform.proxy.gameplugin3.ContentProviderProxy -> com.z2lt7.iir3smvyjak.q8qjf6y.eiywe3.vzyfudy:
com.excelliance.kxqp.platform.proxy.gameplugin4.ContentProviderProxy$P00 -> com.z2lt7.iir3smvyjak.q8qjf6y.eiywe4.vzyfudy$P00:
com.excelliance.kxqp.platform.proxy.gameplugin4.ContentProviderProxy$P01 -> com.z2lt7.iir3smvyjak.q8qjf6y.eiywe4.vzyfudy$P01:
com.excelliance.kxqp.platform.proxy.gameplugin4.ContentProviderProxy$P02 -> com.z2lt7.iir3smvyjak.q8qjf6y.eiywe4.vzyfudy$P02:
com.excelliance.kxqp.platform.proxy.gameplugin4.ContentProviderProxy$P03 -> com.z2lt7.iir3smvyjak.q8qjf6y.eiywe4.vzyfudy$P03:
com.excelliance.kxqp.platform.proxy.gameplugin4.ContentProviderProxy$P04 -> com.z2lt7.iir3smvyjak.q8qjf6y.eiywe4.vzyfudy$P04:
com.excelliance.kxqp.platform.proxy.gameplugin4.ContentProviderProxy$P05 -> com.z2lt7.iir3smvyjak.q8qjf6y.eiywe4.vzyfudy$P05:
com.excelliance.kxqp.platform.proxy.gameplugin4.ContentProviderProxy$P06 -> com.z2lt7.iir3smvyjak.q8qjf6y.eiywe4.vzyfudy$P06:
com.excelliance.kxqp.platform.proxy.gameplugin4.ContentProviderProxy$P07 -> com.z2lt7.iir3smvyjak.q8qjf6y.eiywe4.vzyfudy$P07:
com.excelliance.kxqp.platform.proxy.gameplugin4.ContentProviderProxy$P08 -> com.z2lt7.iir3smvyjak.q8qjf6y.eiywe4.vzyfudy$P08:
com.excelliance.kxqp.platform.proxy.gameplugin4.ContentProviderProxy$P09 -> com.z2lt7.iir3smvyjak.q8qjf6y.eiywe4.vzyfudy$P09:
com.excelliance.kxqp.platform.proxy.gameplugin4.ContentProviderProxy -> com.z2lt7.iir3smvyjak.q8qjf6y.eiywe4.vzyfudy:
com.excelliance.kxqp.platform.proxy.gameplugin5.ContentProviderProxy$P00 -> com.z2lt7.iir3smvyjak.q8qjf6y.eiywe5.vzyfudy$P00:
com.excelliance.kxqp.platform.proxy.gameplugin5.ContentProviderProxy$P01 -> com.z2lt7.iir3smvyjak.q8qjf6y.eiywe5.vzyfudy$P01:
com.excelliance.kxqp.platform.proxy.gameplugin5.ContentProviderProxy$P02 -> com.z2lt7.iir3smvyjak.q8qjf6y.eiywe5.vzyfudy$P02:
com.excelliance.kxqp.platform.proxy.gameplugin5.ContentProviderProxy$P03 -> com.z2lt7.iir3smvyjak.q8qjf6y.eiywe5.vzyfudy$P03:
com.excelliance.kxqp.platform.proxy.gameplugin5.ContentProviderProxy$P04 -> com.z2lt7.iir3smvyjak.q8qjf6y.eiywe5.vzyfudy$P04:
com.excelliance.kxqp.platform.proxy.gameplugin5.ContentProviderProxy$P05 -> com.z2lt7.iir3smvyjak.q8qjf6y.eiywe5.vzyfudy$P05:
com.excelliance.kxqp.platform.proxy.gameplugin5.ContentProviderProxy$P06 -> com.z2lt7.iir3smvyjak.q8qjf6y.eiywe5.vzyfudy$P06:
com.excelliance.kxqp.platform.proxy.gameplugin5.ContentProviderProxy$P07 -> com.z2lt7.iir3smvyjak.q8qjf6y.eiywe5.vzyfudy$P07:
com.excelliance.kxqp.platform.proxy.gameplugin5.ContentProviderProxy$P08 -> com.z2lt7.iir3smvyjak.q8qjf6y.eiywe5.vzyfudy$P08:
com.excelliance.kxqp.platform.proxy.gameplugin5.ContentProviderProxy$P09 -> com.z2lt7.iir3smvyjak.q8qjf6y.eiywe5.vzyfudy$P09:
com.excelliance.kxqp.platform.proxy.gameplugin5.ContentProviderProxy -> com.z2lt7.iir3smvyjak.q8qjf6y.eiywe5.vzyfudy:
com.excelliance.kxqp.platform.proxy.gameplugin6.ContentProviderProxy$P00 -> com.z2lt7.iir3smvyjak.q8qjf6y.eiywe6.vzyfudy$P00:
com.excelliance.kxqp.platform.proxy.gameplugin6.ContentProviderProxy$P01 -> com.z2lt7.iir3smvyjak.q8qjf6y.eiywe6.vzyfudy$P01:
com.excelliance.kxqp.platform.proxy.gameplugin6.ContentProviderProxy$P02 -> com.z2lt7.iir3smvyjak.q8qjf6y.eiywe6.vzyfudy$P02:
com.excelliance.kxqp.platform.proxy.gameplugin6.ContentProviderProxy$P03 -> com.z2lt7.iir3smvyjak.q8qjf6y.eiywe6.vzyfudy$P03:
com.excelliance.kxqp.platform.proxy.gameplugin6.ContentProviderProxy$P04 -> com.z2lt7.iir3smvyjak.q8qjf6y.eiywe6.vzyfudy$P04:
com.excelliance.kxqp.platform.proxy.gameplugin6.ContentProviderProxy$P05 -> com.z2lt7.iir3smvyjak.q8qjf6y.eiywe6.vzyfudy$P05:
com.excelliance.kxqp.platform.proxy.gameplugin6.ContentProviderProxy$P06 -> com.z2lt7.iir3smvyjak.q8qjf6y.eiywe6.vzyfudy$P06:
com.excelliance.kxqp.platform.proxy.gameplugin6.ContentProviderProxy$P07 -> com.z2lt7.iir3smvyjak.q8qjf6y.eiywe6.vzyfudy$P07:
com.excelliance.kxqp.platform.proxy.gameplugin6.ContentProviderProxy$P08 -> com.z2lt7.iir3smvyjak.q8qjf6y.eiywe6.vzyfudy$P08:
com.excelliance.kxqp.platform.proxy.gameplugin6.ContentProviderProxy$P09 -> com.z2lt7.iir3smvyjak.q8qjf6y.eiywe6.vzyfudy$P09:
com.excelliance.kxqp.platform.proxy.gameplugin6.ContentProviderProxy -> com.z2lt7.iir3smvyjak.q8qjf6y.eiywe6.vzyfudy:
com.excelliance.kxqp.platform.proxy.gameplugin7.ContentProviderProxy$P00 -> com.z2lt7.iir3smvyjak.q8qjf6y.eiywe7.vzyfudy$P00:
com.excelliance.kxqp.platform.proxy.gameplugin7.ContentProviderProxy$P01 -> com.z2lt7.iir3smvyjak.q8qjf6y.eiywe7.vzyfudy$P01:
com.excelliance.kxqp.platform.proxy.gameplugin7.ContentProviderProxy$P02 -> com.z2lt7.iir3smvyjak.q8qjf6y.eiywe7.vzyfudy$P02:
com.excelliance.kxqp.platform.proxy.gameplugin7.ContentProviderProxy$P03 -> com.z2lt7.iir3smvyjak.q8qjf6y.eiywe7.vzyfudy$P03:
com.excelliance.kxqp.platform.proxy.gameplugin7.ContentProviderProxy$P04 -> com.z2lt7.iir3smvyjak.q8qjf6y.eiywe7.vzyfudy$P04:
com.excelliance.kxqp.platform.proxy.gameplugin7.ContentProviderProxy$P05 -> com.z2lt7.iir3smvyjak.q8qjf6y.eiywe7.vzyfudy$P05:
com.excelliance.kxqp.platform.proxy.gameplugin7.ContentProviderProxy$P06 -> com.z2lt7.iir3smvyjak.q8qjf6y.eiywe7.vzyfudy$P06:
com.excelliance.kxqp.platform.proxy.gameplugin7.ContentProviderProxy$P07 -> com.z2lt7.iir3smvyjak.q8qjf6y.eiywe7.vzyfudy$P07:
com.excelliance.kxqp.platform.proxy.gameplugin7.ContentProviderProxy$P08 -> com.z2lt7.iir3smvyjak.q8qjf6y.eiywe7.vzyfudy$P08:
com.excelliance.kxqp.platform.proxy.gameplugin7.ContentProviderProxy$P09 -> com.z2lt7.iir3smvyjak.q8qjf6y.eiywe7.vzyfudy$P09:
com.excelliance.kxqp.platform.proxy.gameplugin7.ContentProviderProxy -> com.z2lt7.iir3smvyjak.q8qjf6y.eiywe7.vzyfudy:
com.excelliance.kxqp.platform.proxy.gameplugin8.ContentProviderProxy$P00 -> com.z2lt7.iir3smvyjak.q8qjf6y.eiywe8.vzyfudy$P00:
com.excelliance.kxqp.platform.proxy.gameplugin8.ContentProviderProxy$P01 -> com.z2lt7.iir3smvyjak.q8qjf6y.eiywe8.vzyfudy$P01:
com.excelliance.kxqp.platform.proxy.gameplugin8.ContentProviderProxy$P02 -> com.z2lt7.iir3smvyjak.q8qjf6y.eiywe8.vzyfudy$P02:
com.excelliance.kxqp.platform.proxy.gameplugin8.ContentProviderProxy$P03 -> com.z2lt7.iir3smvyjak.q8qjf6y.eiywe8.vzyfudy$P03:
com.excelliance.kxqp.platform.proxy.gameplugin8.ContentProviderProxy$P04 -> com.z2lt7.iir3smvyjak.q8qjf6y.eiywe8.vzyfudy$P04:
com.excelliance.kxqp.platform.proxy.gameplugin8.ContentProviderProxy$P05 -> com.z2lt7.iir3smvyjak.q8qjf6y.eiywe8.vzyfudy$P05:
com.excelliance.kxqp.platform.proxy.gameplugin8.ContentProviderProxy$P06 -> com.z2lt7.iir3smvyjak.q8qjf6y.eiywe8.vzyfudy$P06:
com.excelliance.kxqp.platform.proxy.gameplugin8.ContentProviderProxy$P07 -> com.z2lt7.iir3smvyjak.q8qjf6y.eiywe8.vzyfudy$P07:
com.excelliance.kxqp.platform.proxy.gameplugin8.ContentProviderProxy$P08 -> com.z2lt7.iir3smvyjak.q8qjf6y.eiywe8.vzyfudy$P08:
com.excelliance.kxqp.platform.proxy.gameplugin8.ContentProviderProxy$P09 -> com.z2lt7.iir3smvyjak.q8qjf6y.eiywe8.vzyfudy$P09:
com.excelliance.kxqp.platform.proxy.gameplugin8.ContentProviderProxy -> com.z2lt7.iir3smvyjak.q8qjf6y.eiywe8.vzyfudy:
com.excelliance.kxqp.platform.proxy.gameplugin9.ContentProviderProxy$P00 -> com.z2lt7.iir3smvyjak.q8qjf6y.eiywe9.vzyfudy$P00:
com.excelliance.kxqp.platform.proxy.gameplugin9.ContentProviderProxy$P01 -> com.z2lt7.iir3smvyjak.q8qjf6y.eiywe9.vzyfudy$P01:
com.excelliance.kxqp.platform.proxy.gameplugin9.ContentProviderProxy$P02 -> com.z2lt7.iir3smvyjak.q8qjf6y.eiywe9.vzyfudy$P02:
com.excelliance.kxqp.platform.proxy.gameplugin9.ContentProviderProxy$P03 -> com.z2lt7.iir3smvyjak.q8qjf6y.eiywe9.vzyfudy$P03:
com.excelliance.kxqp.platform.proxy.gameplugin9.ContentProviderProxy$P04 -> com.z2lt7.iir3smvyjak.q8qjf6y.eiywe9.vzyfudy$P04:
com.excelliance.kxqp.platform.proxy.gameplugin9.ContentProviderProxy$P05 -> com.z2lt7.iir3smvyjak.q8qjf6y.eiywe9.vzyfudy$P05:
com.excelliance.kxqp.platform.proxy.gameplugin9.ContentProviderProxy$P06 -> com.z2lt7.iir3smvyjak.q8qjf6y.eiywe9.vzyfudy$P06:
com.excelliance.kxqp.platform.proxy.gameplugin9.ContentProviderProxy$P07 -> com.z2lt7.iir3smvyjak.q8qjf6y.eiywe9.vzyfudy$P07:
com.excelliance.kxqp.platform.proxy.gameplugin9.ContentProviderProxy$P08 -> com.z2lt7.iir3smvyjak.q8qjf6y.eiywe9.vzyfudy$P08:
com.excelliance.kxqp.platform.proxy.gameplugin9.ContentProviderProxy$P09 -> com.z2lt7.iir3smvyjak.q8qjf6y.eiywe9.vzyfudy$P09:
com.excelliance.kxqp.platform.proxy.gameplugin9.ContentProviderProxy -> com.z2lt7.iir3smvyjak.q8qjf6y.eiywe9.vzyfudy:
com.excelliance.kxqp.platform.ApplicationProxy -> com.z2lt7.iir3smvyjak.q8qjf6y.ApplicationProxy:
com.excelliance.kxqp.platform.PluginManagerProvider -> com.z2lt7.iir3smvyjak.q8qjf6y.butgfng36:
com.excelliance.kxqp.platform.TrampolineActivity -> com.z2lt7.iir3smvyjak.q8qjf6y.jhc3dzjfq7x:
com.excelliance.kxqp.platform.TrampolineService -> com.z2lt7.iir3smvyjak.q8qjf6y.rxyw5v6svn:
com.excelliance.kxqp.platform.TrampolineReceiver -> com.z2lt7.iir3smvyjak.q8qjf6y.wubgd69kj2:
com.excelliance.kxqp.platform.TrampolineProvider -> com.z2lt7.iir3smvyjak.q8qjf6y.jvxf6:
com.excelliance.kxqp.platform.ChooseAccountTypeActivity -> com.z2lt7.iir3smvyjak.q8qjf6y.lnqigzp9fo:
com.excelliance.kxqp.platform.ChooseTypeAndAccountActivity -> com.z2lt7.iir3smvyjak.q8qjf6y.jy4hrl:
com.excelliance.kxqp.platform.ChooserActivity -> com.z2lt7.iir3smvyjak.q8qjf6y.h5r3a:
com.excelliance.kxqp.platform.JobProxyService -> com.z2lt7.iir3smvyjak.q8qjf6y.ztgnanrb:
com.excelliance.kxqp.platform.TrampolineService$EmptyService -> com.z2lt7.iir3smvyjak.q8qjf6y.yk6d3oecp:
com.excelliance.kxqp.platform.PluginManagerService -> com.z2lt7.iir3smvyjak.q8qjf6y.x6po6jhy:
com.excelliance.kxqp.platform.PubTrampolineActivity -> com.z2lt7.iir3smvyjak.q8qjf6y.ptheh8xzgs:
com.excelliance.kxqp.platform.NotificationProxyService -> com.z2lt7.iir3smvyjak.q8qjf6y.lolua86m4: